Archive member included to satisfy reference by file (symbol)

c:/ac6/systemworkbench/plugins/fr.ac6.mcu.externaltools.arm-none.win32_1.15.0.201708311556/tools/compiler/bin/../lib/gcc/arm-none-eabi/6.3.1/thumb/v7e-m/fpv4-sp/hard\libgcc.a(_aeabi_uldivmod.o)
                              Drivers/STM32L4xx_HAL_Driver/Src/stm32l4xx_hal_uart.o (__aeabi_uldivmod)
c:/ac6/systemworkbench/plugins/fr.ac6.mcu.externaltools.arm-none.win32_1.15.0.201708311556/tools/compiler/bin/../lib/gcc/arm-none-eabi/6.3.1/thumb/v7e-m/fpv4-sp/hard\libgcc.a(_udivmoddi4.o)
                              c:/ac6/systemworkbench/plugins/fr.ac6.mcu.externaltools.arm-none.win32_1.15.0.201708311556/tools/compiler/bin/../lib/gcc/arm-none-eabi/6.3.1/thumb/v7e-m/fpv4-sp/hard\libgcc.a(_aeabi_uldivmod.o) (__udivmoddi4)
c:/ac6/systemworkbench/plugins/fr.ac6.mcu.externaltools.arm-none.win32_1.15.0.201708311556/tools/compiler/bin/../lib/gcc/arm-none-eabi/6.3.1/thumb/v7e-m/fpv4-sp/hard\libgcc.a(_dvmd_tls.o)
                              c:/ac6/systemworkbench/plugins/fr.ac6.mcu.externaltools.arm-none.win32_1.15.0.201708311556/tools/compiler/bin/../lib/gcc/arm-none-eabi/6.3.1/thumb/v7e-m/fpv4-sp/hard\libgcc.a(_aeabi_uldivmod.o) (__aeabi_ldiv0)
c:/ac6/systemworkbench/plugins/fr.ac6.mcu.externaltools.arm-none.win32_1.15.0.201708311556/tools/compiler/bin/../lib/gcc/arm-none-eabi/6.3.1/../../../../arm-none-eabi/lib/thumb/v7e-m/fpv4-sp/hard\libc_nano.a(lib_a-exit.o)
                              c:/ac6/systemworkbench/plugins/fr.ac6.mcu.externaltools.arm-none.win32_1.15.0.201708311556/tools/compiler/bin/../lib/gcc/arm-none-eabi/6.3.1/../../../../arm-none-eabi/lib/thumb/v7e-m/fpv4-sp/hard/crt0.o (exit)
c:/ac6/systemworkbench/plugins/fr.ac6.mcu.externaltools.arm-none.win32_1.15.0.201708311556/tools/compiler/bin/../lib/gcc/arm-none-eabi/6.3.1/../../../../arm-none-eabi/lib/thumb/v7e-m/fpv4-sp/hard\libc_nano.a(lib_a-impure.o)
                              c:/ac6/systemworkbench/plugins/fr.ac6.mcu.externaltools.arm-none.win32_1.15.0.201708311556/tools/compiler/bin/../lib/gcc/arm-none-eabi/6.3.1/../../../../arm-none-eabi/lib/thumb/v7e-m/fpv4-sp/hard\libc_nano.a(lib_a-exit.o) (_global_impure_ptr)
c:/ac6/systemworkbench/plugins/fr.ac6.mcu.externaltools.arm-none.win32_1.15.0.201708311556/tools/compiler/bin/../lib/gcc/arm-none-eabi/6.3.1/../../../../arm-none-eabi/lib/thumb/v7e-m/fpv4-sp/hard\libc_nano.a(lib_a-init.o)
                              c:/ac6/systemworkbench/plugins/fr.ac6.mcu.externaltools.arm-none.win32_1.15.0.201708311556/tools/compiler/bin/../lib/gcc/arm-none-eabi/6.3.1/../../../../arm-none-eabi/lib/thumb/v7e-m/fpv4-sp/hard/crt0.o (__libc_init_array)
c:/ac6/systemworkbench/plugins/fr.ac6.mcu.externaltools.arm-none.win32_1.15.0.201708311556/tools/compiler/bin/../lib/gcc/arm-none-eabi/6.3.1/../../../../arm-none-eabi/lib/thumb/v7e-m/fpv4-sp/hard\libc_nano.a(lib_a-memcpy-stub.o)
                              Src/usb_device.o (memcpy)
c:/ac6/systemworkbench/plugins/fr.ac6.mcu.externaltools.arm-none.win32_1.15.0.201708311556/tools/compiler/bin/../lib/gcc/arm-none-eabi/6.3.1/../../../../arm-none-eabi/lib/thumb/v7e-m/fpv4-sp/hard\libc_nano.a(lib_a-memset.o)
                              c:/ac6/systemworkbench/plugins/fr.ac6.mcu.externaltools.arm-none.win32_1.15.0.201708311556/tools/compiler/bin/../lib/gcc/arm-none-eabi/6.3.1/../../../../arm-none-eabi/lib/thumb/v7e-m/fpv4-sp/hard/crt0.o (memset)
c:/ac6/systemworkbench/plugins/fr.ac6.mcu.externaltools.arm-none.win32_1.15.0.201708311556/tools/compiler/bin/../lib/gcc/arm-none-eabi/6.3.1/../../../../arm-none-eabi/lib/thumb/v7e-m/fpv4-sp/hard\libc_nano.a(lib_a-strlen.o)
                              Middlewares/USB_HID_Keyboard_Handler/src/usb_hid_keyboard_to_ascii.o (strlen)
c:/ac6/systemworkbench/plugins/fr.ac6.mcu.externaltools.arm-none.win32_1.15.0.201708311556/tools/compiler/bin/../lib/gcc/arm-none-eabi/6.3.1/../../../../arm-none-eabi/lib/thumb/v7e-m/fpv4-sp/hard\libnosys.a(_exit.o)
                              c:/ac6/systemworkbench/plugins/fr.ac6.mcu.externaltools.arm-none.win32_1.15.0.201708311556/tools/compiler/bin/../lib/gcc/arm-none-eabi/6.3.1/../../../../arm-none-eabi/lib/thumb/v7e-m/fpv4-sp/hard\libc_nano.a(lib_a-exit.o) (_exit)

Allocating common symbols
Common symbol       size              file

hUsbDeviceFS        0x224             Src/usb_device.o
uwTick              0x4               Drivers/STM32L4xx_HAL_Driver/Src/stm32l4xx_hal.o
pFlash              0x20              Drivers/STM32L4xx_HAL_Driver/Src/stm32l4xx_hal_flash.o
hdma_usart2_tx      0x48              Src/usart.o
usb_hid_keyboard    0x8               Middlewares/USB_HID_Keyboard_Handler/src/usb_hid_keyboard.o
huart2              0x78              Src/usart.o
hpcd_USB_FS         0x434             Src/usbd_conf.o
USBD_StrDesc        0x200             Src/usbd_desc.o

Discarded input sections

[...]
Memory Configuration

Name             Origin             Length             Attributes
RAM              0x20000000         0x00010000         xrw
FLASH            0x08000000         0x00040000         xr
*default*        0x00000000         0xffffffff

Linker script and memory map

LOAD c:/ac6/systemworkbench/plugins/fr.ac6.mcu.externaltools.arm-none.win32_1.15.0.201708311556/tools/compiler/bin/../lib/gcc/arm-none-eabi/6.3.1/thumb/v7e-m/fpv4-sp/hard/crti.o
LOAD c:/ac6/systemworkbench/plugins/fr.ac6.mcu.externaltools.arm-none.win32_1.15.0.201708311556/tools/compiler/bin/../lib/gcc/arm-none-eabi/6.3.1/thumb/v7e-m/fpv4-sp/hard/crtbegin.o
LOAD c:/ac6/systemworkbench/plugins/fr.ac6.mcu.externaltools.arm-none.win32_1.15.0.201708311556/tools/compiler/bin/../lib/gcc/arm-none-eabi/6.3.1/../../../../arm-none-eabi/lib/thumb/v7e-m/fpv4-sp/hard/crt0.o
LOAD Drivers/STM32L4xx_HAL_Driver/Src/stm32l4xx_hal.o
LOAD Drivers/STM32L4xx_HAL_Driver/Src/stm32l4xx_hal_cortex.o
LOAD Drivers/STM32L4xx_HAL_Driver/Src/stm32l4xx_hal_dma.o
LOAD Drivers/STM32L4xx_HAL_Driver/Src/stm32l4xx_hal_dma_ex.o
LOAD Drivers/STM32L4xx_HAL_Driver/Src/stm32l4xx_hal_flash.o
LOAD Drivers/STM32L4xx_HAL_Driver/Src/stm32l4xx_hal_flash_ex.o
LOAD Drivers/STM32L4xx_HAL_Driver/Src/stm32l4xx_hal_flash_ramfunc.o
LOAD Drivers/STM32L4xx_HAL_Driver/Src/stm32l4xx_hal_gpio.o
LOAD Drivers/STM32L4xx_HAL_Driver/Src/stm32l4xx_hal_i2c.o
LOAD Drivers/STM32L4xx_HAL_Driver/Src/stm32l4xx_hal_i2c_ex.o
LOAD Drivers/STM32L4xx_HAL_Driver/Src/stm32l4xx_hal_pcd.o
LOAD Drivers/STM32L4xx_HAL_Driver/Src/stm32l4xx_hal_pcd_ex.o
LOAD Drivers/STM32L4xx_HAL_Driver/Src/stm32l4xx_hal_pwr.o
LOAD Drivers/STM32L4xx_HAL_Driver/Src/stm32l4xx_hal_pwr_ex.o
LOAD Drivers/STM32L4xx_HAL_Driver/Src/stm32l4xx_hal_rcc.o
LOAD Drivers/STM32L4xx_HAL_Driver/Src/stm32l4xx_hal_rcc_ex.o
LOAD Drivers/STM32L4xx_HAL_Driver/Src/stm32l4xx_hal_tim.o
LOAD Drivers/STM32L4xx_HAL_Driver/Src/stm32l4xx_hal_tim_ex.o
LOAD Drivers/STM32L4xx_HAL_Driver/Src/stm32l4xx_hal_uart.o
LOAD Drivers/STM32L4xx_HAL_Driver/Src/stm32l4xx_hal_uart_ex.o
LOAD Drivers/STM32L4xx_HAL_Driver/Src/stm32l4xx_ll_usb.o
LOAD Middlewares/ST/STM32_USB_Device_Library/Class/HID/Src/usbd_hid.o
LOAD Middlewares/ST/STM32_USB_Device_Library/Core/Src/usbd_core.o
LOAD Middlewares/ST/STM32_USB_Device_Library/Core/Src/usbd_ctlreq.o
LOAD Middlewares/ST/STM32_USB_Device_Library/Core/Src/usbd_ioreq.o
LOAD Middlewares/USB_HID_Keyboard_Handler/src/usb_hid_keyboard.o
LOAD Middlewares/USB_HID_Keyboard_Handler/src/usb_hid_keyboard_to_ascii.o
LOAD Middlewares/USB_HID_Keyboard_Handler/src/usb_hid_presenter.o
LOAD Src/dma.o
LOAD Src/gpio.o
LOAD Src/main.o
LOAD Src/stm32l4xx_hal_msp.o
LOAD Src/stm32l4xx_it.o
LOAD Src/system_stm32l4xx.o
LOAD Src/usart.o
LOAD Src/usb_device.o
LOAD Src/usbd_conf.o
LOAD Src/usbd_desc.o
LOAD startup/startup_stm32l432xx.o
LOAD c:/ac6/systemworkbench/plugins/fr.ac6.mcu.externaltools.arm-none.win32_1.15.0.201708311556/tools/compiler/bin/../lib/gcc/arm-none-eabi/6.3.1/../../../../arm-none-eabi/lib/thumb/v7e-m/fpv4-sp/hard\libm.a
START GROUP
LOAD c:/ac6/systemworkbench/plugins/fr.ac6.mcu.externaltools.arm-none.win32_1.15.0.201708311556/tools/compiler/bin/../lib/gcc/arm-none-eabi/6.3.1/thumb/v7e-m/fpv4-sp/hard\libgcc.a
LOAD c:/ac6/systemworkbench/plugins/fr.ac6.mcu.externaltools.arm-none.win32_1.15.0.201708311556/tools/compiler/bin/../lib/gcc/arm-none-eabi/6.3.1/../../../../arm-none-eabi/lib/thumb/v7e-m/fpv4-sp/hard\libc_nano.a
END GROUP
START GROUP
LOAD c:/ac6/systemworkbench/plugins/fr.ac6.mcu.externaltools.arm-none.win32_1.15.0.201708311556/tools/compiler/bin/../lib/gcc/arm-none-eabi/6.3.1/thumb/v7e-m/fpv4-sp/hard\libgcc.a
LOAD c:/ac6/systemworkbench/plugins/fr.ac6.mcu.externaltools.arm-none.win32_1.15.0.201708311556/tools/compiler/bin/../lib/gcc/arm-none-eabi/6.3.1/../../../../arm-none-eabi/lib/thumb/v7e-m/fpv4-sp/hard\libc_nano.a
LOAD c:/ac6/systemworkbench/plugins/fr.ac6.mcu.externaltools.arm-none.win32_1.15.0.201708311556/tools/compiler/bin/../lib/gcc/arm-none-eabi/6.3.1/../../../../arm-none-eabi/lib/thumb/v7e-m/fpv4-sp/hard\libnosys.a
END GROUP
START GROUP
LOAD c:/ac6/systemworkbench/plugins/fr.ac6.mcu.externaltools.arm-none.win32_1.15.0.201708311556/tools/compiler/bin/../lib/gcc/arm-none-eabi/6.3.1/thumb/v7e-m/fpv4-sp/hard\libgcc.a
LOAD c:/ac6/systemworkbench/plugins/fr.ac6.mcu.externaltools.arm-none.win32_1.15.0.201708311556/tools/compiler/bin/../lib/gcc/arm-none-eabi/6.3.1/../../../../arm-none-eabi/lib/thumb/v7e-m/fpv4-sp/hard\libc_nano.a
LOAD c:/ac6/systemworkbench/plugins/fr.ac6.mcu.externaltools.arm-none.win32_1.15.0.201708311556/tools/compiler/bin/../lib/gcc/arm-none-eabi/6.3.1/../../../../arm-none-eabi/lib/thumb/v7e-m/fpv4-sp/hard\libnosys.a
END GROUP
LOAD c:/ac6/systemworkbench/plugins/fr.ac6.mcu.externaltools.arm-none.win32_1.15.0.201708311556/tools/compiler/bin/../lib/gcc/arm-none-eabi/6.3.1/thumb/v7e-m/fpv4-sp/hard/crtend.o
LOAD c:/ac6/systemworkbench/plugins/fr.ac6.mcu.externaltools.arm-none.win32_1.15.0.201708311556/tools/compiler/bin/../lib/gcc/arm-none-eabi/6.3.1/thumb/v7e-m/fpv4-sp/hard/crtn.o
                0x20010000                _estack = 0x20010000
                0x00000200                _Min_Heap_Size = 0x200
                0x00000400                _Min_Stack_Size = 0x400

.isr_vector     0x08000000      0x190
                0x08000000                . = ALIGN (0x8)
 *(.isr_vector)
 .isr_vector    0x08000000      0x18c startup/startup_stm32l432xx.o
                0x08000000                g_pfnVectors
                0x08000190                . = ALIGN (0x8)
 *fill*         0x0800018c        0x4 

.text           0x08000190     0x43a8
                0x08000190                . = ALIGN (0x8)
 *(.text)
 .text          0x08000190       0x6c c:/ac6/systemworkbench/plugins/fr.ac6.mcu.externaltools.arm-none.win32_1.15.0.201708311556/tools/compiler/bin/../lib/gcc/arm-none-eabi/6.3.1/thumb/v7e-m/fpv4-sp/hard/crtbegin.o
 .text          0x080001fc       0x30 c:/ac6/systemworkbench/plugins/fr.ac6.mcu.externaltools.arm-none.win32_1.15.0.201708311556/tools/compiler/bin/../lib/gcc/arm-none-eabi/6.3.1/thumb/v7e-m/fpv4-sp/hard\libgcc.a(_aeabi_uldivmod.o)
                0x080001fc                __aeabi_uldivmod
 .text          0x0800022c      0x2dc c:/ac6/systemworkbench/plugins/fr.ac6.mcu.externaltools.arm-none.win32_1.15.0.201708311556/tools/compiler/bin/../lib/gcc/arm-none-eabi/6.3.1/thumb/v7e-m/fpv4-sp/hard\libgcc.a(_udivmoddi4.o)
                0x0800022c                __udivmoddi4
 .text          0x08000508        0x4 c:/ac6/systemworkbench/plugins/fr.ac6.mcu.externaltools.arm-none.win32_1.15.0.201708311556/tools/compiler/bin/../lib/gcc/arm-none-eabi/6.3.1/thumb/v7e-m/fpv4-sp/hard\libgcc.a(_dvmd_tls.o)
                0x08000508                __aeabi_idiv0
                0x08000508                __aeabi_ldiv0
 *(.text*)
 .text.HAL_InitTick
                0x0800050c       0x2c Drivers/STM32L4xx_HAL_Driver/Src/stm32l4xx_hal.o
                0x0800050c                HAL_InitTick
 .text.HAL_Init
                0x08000538       0x16 Drivers/STM32L4xx_HAL_Driver/Src/stm32l4xx_hal.o
                0x08000538                HAL_Init
 *fill*         0x0800054e        0x2 
 .text.HAL_IncTick
                0x08000550       0x10 Drivers/STM32L4xx_HAL_Driver/Src/stm32l4xx_hal.o
                0x08000550                HAL_IncTick
 .text.HAL_GetTick
                0x08000560        0xc Drivers/STM32L4xx_HAL_Driver/Src/stm32l4xx_hal.o
                0x08000560                HAL_GetTick
 .text.HAL_Delay
                0x0800056c       0x1e Drivers/STM32L4xx_HAL_Driver/Src/stm32l4xx_hal.o
                0x0800056c                HAL_Delay
 *fill*         0x0800058a        0x2 
 .text.HAL_NVIC_SetPriorityGrouping
                0x0800058c       0x24 Drivers/STM32L4xx_HAL_Driver/Src/stm32l4xx_hal_cortex.o
                0x0800058c                HAL_NVIC_SetPriorityGrouping
 .text.HAL_NVIC_SetPriority
                0x080005b0       0x64 Drivers/STM32L4xx_HAL_Driver/Src/stm32l4xx_hal_cortex.o
                0x080005b0                HAL_NVIC_SetPriority
 .text.HAL_NVIC_EnableIRQ
                0x08000614       0x18 Drivers/STM32L4xx_HAL_Driver/Src/stm32l4xx_hal_cortex.o
                0x08000614                HAL_NVIC_EnableIRQ
 .text.HAL_SYSTICK_Config
                0x0800062c       0x2c Drivers/STM32L4xx_HAL_Driver/Src/stm32l4xx_hal_cortex.o
                0x0800062c                HAL_SYSTICK_Config
 .text.HAL_SYSTICK_CLKSourceConfig
                0x08000658       0x20 Drivers/STM32L4xx_HAL_Driver/Src/stm32l4xx_hal_cortex.o
                0x08000658                HAL_SYSTICK_CLKSourceConfig
 .text.HAL_SYSTICK_Callback
                0x08000678        0x2 Drivers/STM32L4xx_HAL_Driver/Src/stm32l4xx_hal_cortex.o
                0x08000678                HAL_SYSTICK_Callback
 .text.HAL_SYSTICK_IRQHandler
                0x0800067a        0x8 Drivers/STM32L4xx_HAL_Driver/Src/stm32l4xx_hal_cortex.o
                0x0800067a                HAL_SYSTICK_IRQHandler
 *fill*         0x08000682        0x2 
 .text.HAL_DMA_Init
                0x08000684       0xf0 Drivers/STM32L4xx_HAL_Driver/Src/stm32l4xx_hal_dma.o
                0x08000684                HAL_DMA_Init
 .text.HAL_DMA_Abort_IT
                0x08000774       0x4c Drivers/STM32L4xx_HAL_Driver/Src/stm32l4xx_hal_dma.o
                0x08000774                HAL_DMA_Abort_IT
 .text.HAL_DMA_IRQHandler
                0x080007c0       0xb2 Drivers/STM32L4xx_HAL_Driver/Src/stm32l4xx_hal_dma.o
                0x080007c0                HAL_DMA_IRQHandler
 *fill*         0x08000872        0x2 
 .text.HAL_GPIO_Init
                0x08000874      0x188 Drivers/STM32L4xx_HAL_Driver/Src/stm32l4xx_hal_gpio.o
                0x08000874                HAL_GPIO_Init
 .text.HAL_GPIO_WritePin
                0x080009fc        0xa Drivers/STM32L4xx_HAL_Driver/Src/stm32l4xx_hal_gpio.o
                0x080009fc                HAL_GPIO_WritePin
 .text.HAL_PCD_Init
                0x08000a06      0x100 Drivers/STM32L4xx_HAL_Driver/Src/stm32l4xx_hal_pcd.o
                0x08000a06                HAL_PCD_Init
 .text.HAL_PCD_Start
                0x08000b06       0x2a Drivers/STM32L4xx_HAL_Driver/Src/stm32l4xx_hal_pcd.o
                0x08000b06                HAL_PCD_Start
 .text.HAL_PCD_SetAddress
                0x08000b30       0x28 Drivers/STM32L4xx_HAL_Driver/Src/stm32l4xx_hal_pcd.o
                0x08000b30                HAL_PCD_SetAddress
 .text.HAL_PCD_EP_Open
                0x08000b58       0x56 Drivers/STM32L4xx_HAL_Driver/Src/stm32l4xx_hal_pcd.o
                0x08000b58                HAL_PCD_EP_Open
 .text.HAL_PCD_EP_Close
                0x08000bae       0x52 Drivers/STM32L4xx_HAL_Driver/Src/stm32l4xx_hal_pcd.o
                0x08000bae                HAL_PCD_EP_Close
 .text.HAL_PCD_EP_Receive
                0x08000c00       0x44 Drivers/STM32L4xx_HAL_Driver/Src/stm32l4xx_hal_pcd.o
                0x08000c00                HAL_PCD_EP_Receive
 .text.HAL_PCD_EP_Transmit
                0x08000c44       0x42 Drivers/STM32L4xx_HAL_Driver/Src/stm32l4xx_hal_pcd.o
                0x08000c44                HAL_PCD_EP_Transmit
 .text.PCD_EP_ISR_Handler
                0x08000c86      0x442 Drivers/STM32L4xx_HAL_Driver/Src/stm32l4xx_hal_pcd.o
 .text.HAL_PCD_IRQHandler
                0x080010c8      0x216 Drivers/STM32L4xx_HAL_Driver/Src/stm32l4xx_hal_pcd.o
                0x080010c8                HAL_PCD_IRQHandler
 .text.HAL_PCD_EP_SetStall
                0x080012de       0x62 Drivers/STM32L4xx_HAL_Driver/Src/stm32l4xx_hal_pcd.o
                0x080012de                HAL_PCD_EP_SetStall
 .text.HAL_PCD_EP_ClrStall
                0x08001340       0x52 Drivers/STM32L4xx_HAL_Driver/Src/stm32l4xx_hal_pcd.o
                0x08001340                HAL_PCD_EP_ClrStall
 .text.HAL_PCDEx_PMAConfig
                0x08001392       0x34 Drivers/STM32L4xx_HAL_Driver/Src/stm32l4xx_hal_pcd_ex.o
                0x08001392                HAL_PCDEx_PMAConfig
 .text.HAL_PCDEx_ActivateBCD
                0x080013c6       0x28 Drivers/STM32L4xx_HAL_Driver/Src/stm32l4xx_hal_pcd_ex.o
                0x080013c6                HAL_PCDEx_ActivateBCD
 .text.HAL_PCDEx_ActivateLPM
                0x080013ee       0x2c Drivers/STM32L4xx_HAL_Driver/Src/stm32l4xx_hal_pcd_ex.o
                0x080013ee                HAL_PCDEx_ActivateLPM
 *fill*         0x0800141a        0x2 
 .text.HAL_PWREx_GetVoltageRange
                0x0800141c       0x10 Drivers/STM32L4xx_HAL_Driver/Src/stm32l4xx_hal_pwr_ex.o
                0x0800141c                HAL_PWREx_GetVoltageRange
 .text.HAL_PWREx_ControlVoltageScaling
                0x0800142c       0x90 Drivers/STM32L4xx_HAL_Driver/Src/stm32l4xx_hal_pwr_ex.o
                0x0800142c                HAL_PWREx_ControlVoltageScaling
 .text.HAL_PWREx_EnableVddUSB
                0x080014bc       0x10 Drivers/STM32L4xx_HAL_Driver/Src/stm32l4xx_hal_pwr_ex.o
                0x080014bc                HAL_PWREx_EnableVddUSB
 .text.RCC_SetFlashLatencyFromMSIRange
                0x080014cc       0x90 Drivers/STM32L4xx_HAL_Driver/Src/stm32l4xx_hal_rcc.o
 .text.HAL_RCC_GetSysClockFreq
                0x0800155c      0x100 Drivers/STM32L4xx_HAL_Driver/Src/stm32l4xx_hal_rcc.o
                0x0800155c                HAL_RCC_GetSysClockFreq
 .text.HAL_RCC_OscConfig
                0x0800165c      0x5cc Drivers/STM32L4xx_HAL_Driver/Src/stm32l4xx_hal_rcc.o
                0x0800165c                HAL_RCC_OscConfig
 .text.HAL_RCC_ClockConfig
                0x08001c28      0x1ac Drivers/STM32L4xx_HAL_Driver/Src/stm32l4xx_hal_rcc.o
                0x08001c28                HAL_RCC_ClockConfig
 .text.HAL_RCC_GetHCLKFreq
                0x08001dd4        0xc Drivers/STM32L4xx_HAL_Driver/Src/stm32l4xx_hal_rcc.o
                0x08001dd4                HAL_RCC_GetHCLKFreq
 .text.HAL_RCC_GetPCLK1Freq
                0x08001de0       0x20 Drivers/STM32L4xx_HAL_Driver/Src/stm32l4xx_hal_rcc.o
                0x08001de0                HAL_RCC_GetPCLK1Freq
 .text.HAL_RCC_GetPCLK2Freq
                0x08001e00       0x20 Drivers/STM32L4xx_HAL_Driver/Src/stm32l4xx_hal_rcc.o
                0x08001e00                HAL_RCC_GetPCLK2Freq
 .text.RCCEx_PLLSAI1_Config
                0x08001e20      0x17c Drivers/STM32L4xx_HAL_Driver/Src/stm32l4xx_hal_rcc_ex.o
 .text.HAL_RCCEx_PeriphCLKConfig
                0x08001f9c      0x2e8 Drivers/STM32L4xx_HAL_Driver/Src/stm32l4xx_hal_rcc_ex.o
                0x08001f9c                HAL_RCCEx_PeriphCLKConfig
 .text.HAL_RCCEx_EnableMSIPLLMode
                0x08002284       0x10 Drivers/STM32L4xx_HAL_Driver/Src/stm32l4xx_hal_rcc_ex.o
                0x08002284                HAL_RCCEx_EnableMSIPLLMode
 .text.UART_EndRxTransfer
                0x08002294       0x20 Drivers/STM32L4xx_HAL_Driver/Src/stm32l4xx_hal_uart.o
 .text.HAL_UART_TxCpltCallback
                0x080022b4        0x2 Drivers/STM32L4xx_HAL_Driver/Src/stm32l4xx_hal_uart.o
                0x080022b4                HAL_UART_TxCpltCallback
 .text.UART_EndTransmit_IT
                0x080022b6       0x1c Drivers/STM32L4xx_HAL_Driver/Src/stm32l4xx_hal_uart.o
 .text.HAL_UART_ErrorCallback
                0x080022d2        0x2 Drivers/STM32L4xx_HAL_Driver/Src/stm32l4xx_hal_uart.o
                0x080022d2                HAL_UART_ErrorCallback
 .text.HAL_UART_IRQHandler
                0x080022d4      0x168 Drivers/STM32L4xx_HAL_Driver/Src/stm32l4xx_hal_uart.o
                0x080022d4                HAL_UART_IRQHandler
 .text.UART_DMAAbortOnError
                0x0800243c       0x14 Drivers/STM32L4xx_HAL_Driver/Src/stm32l4xx_hal_uart.o
 .text.UART_SetConfig
                0x08002450      0x35c Drivers/STM32L4xx_HAL_Driver/Src/stm32l4xx_hal_uart.o
                0x08002450                UART_SetConfig
 .text.UART_AdvFeatureConfig
                0x080027ac       0xca Drivers/STM32L4xx_HAL_Driver/Src/stm32l4xx_hal_uart.o
                0x080027ac                UART_AdvFeatureConfig
 .text.UART_WaitOnFlagUntilTimeout
                0x08002876       0x64 Drivers/STM32L4xx_HAL_Driver/Src/stm32l4xx_hal_uart.o
                0x08002876                UART_WaitOnFlagUntilTimeout
 .text.UART_CheckIdleState
                0x080028da       0x70 Drivers/STM32L4xx_HAL_Driver/Src/stm32l4xx_hal_uart.o
                0x080028da                UART_CheckIdleState
 .text.HAL_UART_Init
                0x0800294a       0x68 Drivers/STM32L4xx_HAL_Driver/Src/stm32l4xx_hal_uart.o
                0x0800294a                HAL_UART_Init
 .text.HAL_UARTEx_WakeupCallback
                0x080029b2        0x2 Drivers/STM32L4xx_HAL_Driver/Src/stm32l4xx_hal_uart_ex.o
                0x080029b2                HAL_UARTEx_WakeupCallback
 .text.USB_CoreInit
                0x080029b4        0xe Drivers/STM32L4xx_HAL_Driver/Src/stm32l4xx_ll_usb.o
                0x080029b4                USB_CoreInit
 .text.USB_EnableGlobalInt
                0x080029c2       0x12 Drivers/STM32L4xx_HAL_Driver/Src/stm32l4xx_ll_usb.o
                0x080029c2                USB_EnableGlobalInt
 .text.USB_DisableGlobalInt
                0x080029d4       0x14 Drivers/STM32L4xx_HAL_Driver/Src/stm32l4xx_ll_usb.o
                0x080029d4                USB_DisableGlobalInt
 .text.USB_SetCurrentMode
                0x080029e8        0x4 Drivers/STM32L4xx_HAL_Driver/Src/stm32l4xx_ll_usb.o
                0x080029e8                USB_SetCurrentMode
 .text.USB_DevInit
                0x080029ec       0x28 Drivers/STM32L4xx_HAL_Driver/Src/stm32l4xx_ll_usb.o
                0x080029ec                USB_DevInit
 .text.USB_ActivateEndpoint
                0x08002a14      0x342 Drivers/STM32L4xx_HAL_Driver/Src/stm32l4xx_ll_usb.o
                0x08002a14                USB_ActivateEndpoint
 .text.USB_DeactivateEndpoint
                0x08002d56      0x1d6 Drivers/STM32L4xx_HAL_Driver/Src/stm32l4xx_ll_usb.o
                0x08002d56                USB_DeactivateEndpoint
 .text.USB_EPSetStall
                0x08002f2c       0x6e Drivers/STM32L4xx_HAL_Driver/Src/stm32l4xx_ll_usb.o
                0x08002f2c                USB_EPSetStall
 .text.USB_EPClearStall
                0x08002f9a       0x96 Drivers/STM32L4xx_HAL_Driver/Src/stm32l4xx_ll_usb.o
                0x08002f9a                USB_EPClearStall
 .text.USB_SetDevAddress
                0x08003030        0xc Drivers/STM32L4xx_HAL_Driver/Src/stm32l4xx_ll_usb.o
                0x08003030                USB_SetDevAddress
 .text.USB_DevConnect
                0x0800303c       0x1c Drivers/STM32L4xx_HAL_Driver/Src/stm32l4xx_ll_usb.o
                0x0800303c                USB_DevConnect
 .text.USB_DevDisconnect
                0x08003058       0x18 Drivers/STM32L4xx_HAL_Driver/Src/stm32l4xx_ll_usb.o
                0x08003058                USB_DevDisconnect
 .text.USB_ReadInterrupts
                0x08003070        0x8 Drivers/STM32L4xx_HAL_Driver/Src/stm32l4xx_ll_usb.o
                0x08003070                USB_ReadInterrupts
 .text.USB_EP0_OutStart
                0x08003078        0x4 Drivers/STM32L4xx_HAL_Driver/Src/stm32l4xx_ll_usb.o
                0x08003078                USB_EP0_OutStart
 .text.USB_WritePMA
                0x0800307c       0x2a Drivers/STM32L4xx_HAL_Driver/Src/stm32l4xx_ll_usb.o
                0x0800307c                USB_WritePMA
 .text.USB_EPStartXfer
                0x080030a6      0x23c Drivers/STM32L4xx_HAL_Driver/Src/stm32l4xx_ll_usb.o
                0x080030a6                USB_EPStartXfer
 .text.USB_ReadPMA
                0x080032e2       0x1c Drivers/STM32L4xx_HAL_Driver/Src/stm32l4xx_ll_usb.o
                0x080032e2                USB_ReadPMA
 *fill*         0x080032fe        0x2 
 .text.USBD_HID_GetCfgDesc
                0x08003300        0xc Middlewares/ST/STM32_USB_Device_Library/Class/HID/Src/usbd_hid.o
 .text.USBD_HID_DataIn
                0x0800330c        0xa Middlewares/ST/STM32_USB_Device_Library/Class/HID/Src/usbd_hid.o
 *fill*         0x08003316        0x2 
 .text.USBD_HID_GetDeviceQualifierDesc
                0x08003318        0xc Middlewares/ST/STM32_USB_Device_Library/Class/HID/Src/usbd_hid.o
 .text.USBD_HID_Setup
                0x08003324       0xc0 Middlewares/ST/STM32_USB_Device_Library/Class/HID/Src/usbd_hid.o
 .text.USBD_HID_DeInit
                0x080033e4       0x1e Middlewares/ST/STM32_USB_Device_Library/Class/HID/Src/usbd_hid.o
 .text.USBD_HID_Init
                0x08003402       0x26 Middlewares/ST/STM32_USB_Device_Library/Class/HID/Src/usbd_hid.o
 .text.USBD_HID_SendReport
                0x08003428       0x28 Middlewares/ST/STM32_USB_Device_Library/Class/HID/Src/usbd_hid.o
                0x08003428                USBD_HID_SendReport
 .text.USBD_Init
                0x08003450       0x2e Middlewares/ST/STM32_USB_Device_Library/Core/Src/usbd_core.o
                0x08003450                USBD_Init
 .text.USBD_RegisterClass
                0x0800347e        0xe Middlewares/ST/STM32_USB_Device_Library/Core/Src/usbd_core.o
                0x0800347e                USBD_RegisterClass
 .text.USBD_Start
                0x0800348c        0xa Middlewares/ST/STM32_USB_Device_Library/Core/Src/usbd_core.o
                0x0800348c                USBD_Start
 .text.USBD_SetClassConfig
                0x08003496       0x1a Middlewares/ST/STM32_USB_Device_Library/Core/Src/usbd_core.o
                0x08003496                USBD_SetClassConfig
 .text.USBD_ClrClassConfig
                0x080034b0        0xe Middlewares/ST/STM32_USB_Device_Library/Core/Src/usbd_core.o
                0x080034b0                USBD_ClrClassConfig
 .text.USBD_LL_SetupStage
                0x080034be       0x5a Middlewares/ST/STM32_USB_Device_Library/Core/Src/usbd_core.o
                0x080034be                USBD_LL_SetupStage
 .text.USBD_LL_DataOutStage
                0x08003518       0x6a Middlewares/ST/STM32_USB_Device_Library/Core/Src/usbd_core.o
                0x08003518                USBD_LL_DataOutStage
 .text.USBD_LL_DataInStage
                0x08003582       0xb2 Middlewares/ST/STM32_USB_Device_Library/Core/Src/usbd_core.o
                0x08003582                USBD_LL_DataInStage
 .text.USBD_LL_Reset
                0x08003634       0x3e Middlewares/ST/STM32_USB_Device_Library/Core/Src/usbd_core.o
                0x08003634                USBD_LL_Reset
 .text.USBD_LL_SetSpeed
                0x08003672        0x6 Middlewares/ST/STM32_USB_Device_Library/Core/Src/usbd_core.o
                0x08003672                USBD_LL_SetSpeed
 .text.USBD_LL_Suspend
                0x08003678       0x12 Middlewares/ST/STM32_USB_Device_Library/Core/Src/usbd_core.o
                0x08003678                USBD_LL_Suspend
 .text.USBD_LL_Resume
                0x0800368a        0xc Middlewares/ST/STM32_USB_Device_Library/Core/Src/usbd_core.o
                0x0800368a                USBD_LL_Resume
 .text.USBD_LL_SOF
                0x08003696       0x1c Middlewares/ST/STM32_USB_Device_Library/Core/Src/usbd_core.o
                0x08003696                USBD_LL_SOF
 .text.USBD_GetLen
                0x080036b2       0x14 Middlewares/ST/STM32_USB_Device_Library/Core/Src/usbd_ctlreq.o
 .text.USBD_SetFeature
                0x080036c6       0x20 Middlewares/ST/STM32_USB_Device_Library/Core/Src/usbd_ctlreq.o
 .text.USBD_ParseSetupRequest
                0x080036e6       0x28 Middlewares/ST/STM32_USB_Device_Library/Core/Src/usbd_ctlreq.o
                0x080036e6                USBD_ParseSetupRequest
 .text.USBD_CtlError
                0x0800370e       0x14 Middlewares/ST/STM32_USB_Device_Library/Core/Src/usbd_ctlreq.o
                0x0800370e                USBD_CtlError
 .text.USBD_GetDescriptor
                0x08003722      0x14a Middlewares/ST/STM32_USB_Device_Library/Core/Src/usbd_ctlreq.o
 .text.USBD_SetAddress
                0x0800386c       0x4a Middlewares/ST/STM32_USB_Device_Library/Core/Src/usbd_ctlreq.o
 *fill*         0x080038b6        0x2 
 .text.USBD_SetConfig
                0x080038b8       0xa4 Middlewares/ST/STM32_USB_Device_Library/Core/Src/usbd_ctlreq.o
 .text.USBD_GetConfig
                0x0800395c       0x3a Middlewares/ST/STM32_USB_Device_Library/Core/Src/usbd_ctlreq.o
 .text.USBD_GetStatus
                0x08003996       0x2c Middlewares/ST/STM32_USB_Device_Library/Core/Src/usbd_ctlreq.o
 .text.USBD_ClrFeature
                0x080039c2       0x32 Middlewares/ST/STM32_USB_Device_Library/Core/Src/usbd_ctlreq.o
 .text.USBD_StdDevReq
                0x080039f4       0x48 Middlewares/ST/STM32_USB_Device_Library/Core/Src/usbd_ctlreq.o
                0x080039f4                USBD_StdDevReq
 .text.USBD_StdItfReq
                0x08003a3c       0x38 Middlewares/ST/STM32_USB_Device_Library/Core/Src/usbd_ctlreq.o
                0x08003a3c                USBD_StdItfReq
 .text.USBD_StdEPReq
                0x08003a74      0x118 Middlewares/ST/STM32_USB_Device_Library/Core/Src/usbd_ctlreq.o
                0x08003a74                USBD_StdEPReq
 .text.USBD_GetString
                0x08003b8c       0x3a Middlewares/ST/STM32_USB_Device_Library/Core/Src/usbd_ctlreq.o
                0x08003b8c                USBD_GetString
 .text.USBD_CtlSendData
                0x08003bc6       0x1a Middlewares/ST/STM32_USB_Device_Library/Core/Src/usbd_ioreq.o
                0x08003bc6                USBD_CtlSendData
 .text.USBD_CtlContinueSendData
                0x08003be0       0x10 Middlewares/ST/STM32_USB_Device_Library/Core/Src/usbd_ioreq.o
                0x08003be0                USBD_CtlContinueSendData
 .text.USBD_CtlContinueRx
                0x08003bf0       0x10 Middlewares/ST/STM32_USB_Device_Library/Core/Src/usbd_ioreq.o
                0x08003bf0                USBD_CtlContinueRx
 .text.USBD_CtlSendStatus
                0x08003c00       0x16 Middlewares/ST/STM32_USB_Device_Library/Core/Src/usbd_ioreq.o
                0x08003c00                USBD_CtlSendStatus
 .text.USBD_CtlReceiveStatus
                0x08003c16       0x16 Middlewares/ST/STM32_USB_Device_Library/Core/Src/usbd_ioreq.o
                0x08003c16                USBD_CtlReceiveStatus
 .text.usb_hid_keyboard_press_key
                0x08003c2c       0x38 Middlewares/USB_HID_Keyboard_Handler/src/usb_hid_keyboard.o
                0x08003c2c                usb_hid_keyboard_press_key
 .text.usb_hid_keyboard_release_key
                0x08003c64       0x38 Middlewares/USB_HID_Keyboard_Handler/src/usb_hid_keyboard.o
                0x08003c64                usb_hid_keyboard_release_key
 .text.usb_hid_keyboard_press_and_release_key
                0x08003c9c       0x1a Middlewares/USB_HID_Keyboard_Handler/src/usb_hid_keyboard.o
                0x08003c9c                usb_hid_keyboard_press_and_release_key
 *fill*         0x08003cb6        0x2 
 .text.usb_hid_presenter_execute
                0x08003cb8       0x28 Middlewares/USB_HID_Keyboard_Handler/src/usb_hid_presenter.o
                0x08003cb8                usb_hid_presenter_execute
 .text.MX_DMA_Init
                0x08003ce0       0x34 Src/dma.o
                0x08003ce0                MX_DMA_Init
 .text.MX_GPIO_Init
                0x08003d14       0x6c Src/gpio.o
                0x08003d14                MX_GPIO_Init
 .text._Error_Handler
                0x08003d80        0x2 Src/main.o
                0x08003d80                _Error_Handler
 *fill*         0x08003d82        0x2 
 .text.SystemClock_Config
                0x08003d84       0xf4 Src/main.o
                0x08003d84                SystemClock_Config
 .text.main     0x08003e78       0x22 Src/main.o
                0x08003e78                main
 *fill*         0x08003e9a        0x2 
 .text.HAL_MspInit
                0x08003e9c       0x90 Src/stm32l4xx_hal_msp.o
                0x08003e9c                HAL_MspInit
 .text.SysTick_Handler
                0x08003f2c        0xc Src/stm32l4xx_it.o
                0x08003f2c                SysTick_Handler
 .text.DMA1_Channel7_IRQHandler
                0x08003f38       0x10 Src/stm32l4xx_it.o
                0x08003f38                DMA1_Channel7_IRQHandler
 .text.USART2_IRQHandler
                0x08003f48       0x10 Src/stm32l4xx_it.o
                0x08003f48                USART2_IRQHandler
 .text.USB_IRQHandler
                0x08003f58       0x10 Src/stm32l4xx_it.o
                0x08003f58                USB_IRQHandler
 .text.SystemInit
                0x08003f68       0x48 Src/system_stm32l4xx.o
                0x08003f68                SystemInit
 .text.MX_USART2_UART_Init
                0x08003fb0       0x44 Src/usart.o
                0x08003fb0                MX_USART2_UART_Init
 .text.HAL_UART_MspInit
                0x08003ff4       0xb0 Src/usart.o
                0x08003ff4                HAL_UART_MspInit
 .text.MX_USB_DEVICE_Init
                0x080040a4       0x34 Src/usb_device.o
                0x080040a4                MX_USB_DEVICE_Init
 .text.SystemClockConfig_Resume
                0x080040d8        0x8 Src/usbd_conf.o
 .text.HAL_PCD_MspInit
                0x080040e0       0x40 Src/usbd_conf.o
                0x080040e0                HAL_PCD_MspInit
 .text.HAL_PCD_SetupStageCallback
                0x08004120       0x10 Src/usbd_conf.o
                0x08004120                HAL_PCD_SetupStageCallback
 .text.HAL_PCD_DataOutStageCallback
                0x08004130       0x14 Src/usbd_conf.o
                0x08004130                HAL_PCD_DataOutStageCallback
 .text.HAL_PCD_DataInStageCallback
                0x08004144       0x12 Src/usbd_conf.o
                0x08004144                HAL_PCD_DataInStageCallback
 .text.HAL_PCD_SOFCallback
                0x08004156        0xc Src/usbd_conf.o
                0x08004156                HAL_PCD_SOFCallback
 .text.HAL_PCD_ResetCallback
                0x08004162       0x18 Src/usbd_conf.o
                0x08004162                HAL_PCD_ResetCallback
 *fill*         0x0800417a        0x2 
 .text.HAL_PCD_SuspendCallback
                0x0800417c       0x20 Src/usbd_conf.o
                0x0800417c                HAL_PCD_SuspendCallback
 .text.HAL_PCD_ResumeCallback
                0x0800419c       0x28 Src/usbd_conf.o
                0x0800419c                HAL_PCD_ResumeCallback
 .text.USBD_LL_Init
                0x080041c4       0x7c Src/usbd_conf.o
                0x080041c4                USBD_LL_Init
 .text.USBD_LL_Start
                0x08004240       0x1c Src/usbd_conf.o
                0x08004240                USBD_LL_Start
 .text.USBD_LL_OpenEP
                0x0800425c       0x22 Src/usbd_conf.o
                0x0800425c                USBD_LL_OpenEP
 .text.USBD_LL_CloseEP
                0x0800427e       0x1c Src/usbd_conf.o
                0x0800427e                USBD_LL_CloseEP
 .text.USBD_LL_StallEP
                0x0800429a       0x1c Src/usbd_conf.o
                0x0800429a                USBD_LL_StallEP
 .text.USBD_LL_ClearStallEP
                0x080042b6       0x1c Src/usbd_conf.o
                0x080042b6                USBD_LL_ClearStallEP
 .text.USBD_LL_IsStallEP
                0x080042d2       0x26 Src/usbd_conf.o
                0x080042d2                USBD_LL_IsStallEP
 .text.USBD_LL_SetUSBAddress
                0x080042f8       0x1c Src/usbd_conf.o
                0x080042f8                USBD_LL_SetUSBAddress
 .text.USBD_LL_Transmit
                0x08004314       0x1c Src/usbd_conf.o
                0x08004314                USBD_LL_Transmit
 .text.USBD_LL_PrepareReceive
                0x08004330       0x1c Src/usbd_conf.o
                0x08004330                USBD_LL_PrepareReceive
 .text.HAL_PCDEx_LPM_Callback
                0x0800434c       0x48 Src/usbd_conf.o
                0x0800434c                HAL_PCDEx_LPM_Callback
 .text.USBD_static_malloc
                0x08004394        0x8 Src/usbd_conf.o
                0x08004394                USBD_static_malloc
 .text.USBD_static_free
                0x0800439c        0x2 Src/usbd_conf.o
                0x0800439c                USBD_static_free
 .text.USBD_LL_BatteryCharging
                0x0800439e       0x12 Src/usbd_conf.o
                0x0800439e                USBD_LL_BatteryCharging
 .text.USBD_FS_DeviceDescriptor
                0x080043b0        0xc Src/usbd_desc.o
                0x080043b0                USBD_FS_DeviceDescriptor
 .text.USBD_FS_LangIDStrDescriptor
                0x080043bc        0xc Src/usbd_desc.o
                0x080043bc                USBD_FS_LangIDStrDescriptor
 .text.USBD_FS_USR_BOSDescriptor
                0x080043c8        0xc Src/usbd_desc.o
                0x080043c8                USBD_FS_USR_BOSDescriptor
 .text.USBD_FS_ProductStrDescriptor
                0x080043d4       0x24 Src/usbd_desc.o
                0x080043d4                USBD_FS_ProductStrDescriptor
 .text.USBD_FS_ManufacturerStrDescriptor
                0x080043f8       0x1c Src/usbd_desc.o
                0x080043f8                USBD_FS_ManufacturerStrDescriptor
 .text.USBD_FS_SerialStrDescriptor
                0x08004414       0x24 Src/usbd_desc.o
                0x08004414                USBD_FS_SerialStrDescriptor
 .text.USBD_FS_ConfigStrDescriptor
                0x08004438       0x24 Src/usbd_desc.o
                0x08004438                USBD_FS_ConfigStrDescriptor
 .text.USBD_FS_InterfaceStrDescriptor
                0x0800445c       0x24 Src/usbd_desc.o
                0x0800445c                USBD_FS_InterfaceStrDescriptor
 .text.Reset_Handler
                0x08004480       0x50 startup/startup_stm32l432xx.o
                0x08004480                Reset_Handler
 .text.Default_Handler
                0x080044d0        0x2 startup/startup_stm32l432xx.o
                0x080044d0                RTC_Alarm_IRQHandler
                0x080044d0                EXTI2_IRQHandler
                0x080044d0                DebugMon_Handler
                0x080044d0                TIM1_CC_IRQHandler
                0x080044d0                TSC_IRQHandler
                0x080044d0                HardFault_Handler
                0x080044d0                TAMP_STAMP_IRQHandler
                0x080044d0                PendSV_Handler
                0x080044d0                NMI_Handler
                0x080044d0                EXTI3_IRQHandler
                0x080044d0                LPTIM2_IRQHandler
                0x080044d0                I2C3_ER_IRQHandler
                0x080044d0                EXTI0_IRQHandler
                0x080044d0                CAN1_RX0_IRQHandler
                0x080044d0                FPU_IRQHandler
                0x080044d0                TIM1_UP_TIM16_IRQHandler
                0x080044d0                UsageFault_Handler
                0x080044d0                SPI1_IRQHandler
                0x080044d0                TIM6_DAC_IRQHandler
                0x080044d0                DMA2_Channel2_IRQHandler
                0x080044d0                DMA1_Channel4_IRQHandler
                0x080044d0                ADC1_IRQHandler
                0x080044d0                CAN1_RX1_IRQHandler
                0x080044d0                DMA2_Channel1_IRQHandler
                0x080044d0                QUADSPI_IRQHandler
                0x080044d0                I2C1_EV_IRQHandler
                0x080044d0                DMA1_Channel6_IRQHandler
                0x080044d0                DMA2_Channel4_IRQHandler
                0x080044d0                RCC_IRQHandler
                0x080044d0                TIM1_TRG_COM_IRQHandler
                0x080044d0                DMA1_Channel1_IRQHandler
                0x080044d0                Default_Handler
                0x080044d0                DMA2_Channel7_IRQHandler
                0x080044d0                EXTI15_10_IRQHandler
                0x080044d0                TIM7_IRQHandler
                0x080044d0                I2C3_EV_IRQHandler
                0x080044d0                EXTI9_5_IRQHandler
                0x080044d0                RTC_WKUP_IRQHandler
                0x080044d0                PVD_PVM_IRQHandler
                0x080044d0                MemManage_Handler
                0x080044d0                CAN1_TX_IRQHandler
                0x080044d0                SVC_Handler
                0x080044d0                DMA2_Channel5_IRQHandler
                0x080044d0                CRS_IRQHandler
                0x080044d0                DMA1_Channel5_IRQHandler
                0x080044d0                EXTI4_IRQHandler
                0x080044d0                RNG_IRQHandler
                0x080044d0                DMA1_Channel3_IRQHandler
                0x080044d0                COMP_IRQHandler
                0x080044d0                WWDG_IRQHandler
                0x080044d0                LPUART1_IRQHandler
                0x080044d0                DMA2_Channel6_IRQHandler
                0x080044d0                TIM2_IRQHandler
                0x080044d0                EXTI1_IRQHandler
                0x080044d0                DMA1_Channel2_IRQHandler
                0x080044d0                CAN1_SCE_IRQHandler
                0x080044d0                FLASH_IRQHandler
                0x080044d0                BusFault_Handler
                0x080044d0                USART1_IRQHandler
                0x080044d0                SPI3_IRQHandler
                0x080044d0                I2C1_ER_IRQHandler
                0x080044d0                SWPMI1_IRQHandler
                0x080044d0                LPTIM1_IRQHandler
                0x080044d0                SAI1_IRQHandler
                0x080044d0                DMA2_Channel3_IRQHandler
                0x080044d0                TIM1_BRK_TIM15_IRQHandler
 *fill*         0x080044d2        0x2 
 .text.__libc_init_array
                0x080044d4       0x48 c:/ac6/systemworkbench/plugins/fr.ac6.mcu.externaltools.arm-none.win32_1.15.0.201708311556/tools/compiler/bin/../lib/gcc/arm-none-eabi/6.3.1/../../../../arm-none-eabi/lib/thumb/v7e-m/fpv4-sp/hard\libc_nano.a(lib_a-init.o)
                0x080044d4                __libc_init_array
 *(.glue_7)
 .glue_7        0x0800451c        0x0 linker stubs
 *(.glue_7t)
 .glue_7t       0x0800451c        0x0 linker stubs
 *(.eh_frame)
 .eh_frame      0x0800451c        0x0 c:/ac6/systemworkbench/plugins/fr.ac6.mcu.externaltools.arm-none.win32_1.15.0.201708311556/tools/compiler/bin/../lib/gcc/arm-none-eabi/6.3.1/thumb/v7e-m/fpv4-sp/hard/crtbegin.o
 *(.init)
 .init          0x0800451c        0x4 c:/ac6/systemworkbench/plugins/fr.ac6.mcu.externaltools.arm-none.win32_1.15.0.201708311556/tools/compiler/bin/../lib/gcc/arm-none-eabi/6.3.1/thumb/v7e-m/fpv4-sp/hard/crti.o
                0x0800451c                _init
 .init          0x08004520        0x8 c:/ac6/systemworkbench/plugins/fr.ac6.mcu.externaltools.arm-none.win32_1.15.0.201708311556/tools/compiler/bin/../lib/gcc/arm-none-eabi/6.3.1/thumb/v7e-m/fpv4-sp/hard/crtn.o
 *(.fini)
 .fini          0x08004528        0x4 c:/ac6/systemworkbench/plugins/fr.ac6.mcu.externaltools.arm-none.win32_1.15.0.201708311556/tools/compiler/bin/../lib/gcc/arm-none-eabi/6.3.1/thumb/v7e-m/fpv4-sp/hard/crti.o
                0x08004528                _fini
 .fini          0x0800452c        0x8 c:/ac6/systemworkbench/plugins/fr.ac6.mcu.externaltools.arm-none.win32_1.15.0.201708311556/tools/compiler/bin/../lib/gcc/arm-none-eabi/6.3.1/thumb/v7e-m/fpv4-sp/hard/crtn.o
                0x08004538                . = ALIGN (0x8)
 *fill*         0x08004534        0x4 
                0x08004538                _etext = .

.vfp11_veneer   0x08004538        0x0
 .vfp11_veneer  0x08004538        0x0 linker stubs

.v4_bx          0x08004538        0x0
 .v4_bx         0x08004538        0x0 linker stubs

.iplt           0x08004538        0x0
 .iplt          0x08004538        0x0 c:/ac6/systemworkbench/plugins/fr.ac6.mcu.externaltools.arm-none.win32_1.15.0.201708311556/tools/compiler/bin/../lib/gcc/arm-none-eabi/6.3.1/thumb/v7e-m/fpv4-sp/hard/crtbegin.o

.rodata         0x08004538      0x160
                0x08004538                . = ALIGN (0x8)
 *(.rodata)
 .rodata        0x08004538       0x48 Src/system_stm32l4xx.o
                0x08004538                MSIRangeTable
                0x08004568                AHBPrescTable
                0x08004578                APBPrescTable
 *(.rodata*)
 .rodata.str1.4
                0x08004580       0x8a Middlewares/USB_HID_Keyboard_Handler/src/usb_hid_presenter.o
 *fill*         0x0800460a        0x2 
 .rodata.str1.4
                0x0800460c        0xe Src/main.o
 *fill*         0x0800461a        0x2 
 .rodata.str1.4
                0x0800461c        0xf Src/usart.o
 *fill*         0x0800462b        0x1 
 .rodata.str1.4
                0x0800462c       0x13 Src/usbd_conf.o
 *fill*         0x0800463f        0x1 
 .rodata.str1.4
                0x08004640       0x58 Src/usbd_desc.o
                                 0x56 (size before relaxing)
                0x08004698                . = ALIGN (0x8)

.ARM.extab      0x08004698        0x0
                0x08004698                . = ALIGN (0x8)
 *(.ARM.extab* .gnu.linkonce.armextab.*)
                0x08004698                . = ALIGN (0x8)

.ARM            0x08004698        0x8
                0x08004698                . = ALIGN (0x8)
                0x08004698                __exidx_start = .
 *(.ARM.exidx*)
 .ARM.exidx     0x08004698        0x8 c:/ac6/systemworkbench/plugins/fr.ac6.mcu.externaltools.arm-none.win32_1.15.0.201708311556/tools/compiler/bin/../lib/gcc/arm-none-eabi/6.3.1/thumb/v7e-m/fpv4-sp/hard\libgcc.a(_udivmoddi4.o)
                0x080046a0                __exidx_end = .
                0x080046a0                . = ALIGN (0x8)

.rel.dyn        0x080046a0        0x0
 .rel.iplt      0x080046a0        0x0 c:/ac6/systemworkbench/plugins/fr.ac6.mcu.externaltools.arm-none.win32_1.15.0.201708311556/tools/compiler/bin/../lib/gcc/arm-none-eabi/6.3.1/thumb/v7e-m/fpv4-sp/hard/crtbegin.o

.preinit_array  0x080046a0        0x0
                0x080046a0                . = ALIGN (0x8)
                0x080046a0                PROVIDE (__preinit_array_start, .)
 *(.preinit_array*)
                0x080046a0                PROVIDE (__preinit_array_end, .)
                0x080046a0                . = ALIGN (0x8)

.init_array     0x080046a0        0x8
                0x080046a0                . = ALIGN (0x8)
                0x080046a0                PROVIDE (__init_array_start, .)
 *(SORT(.init_array.*))
 *(.init_array*)
 .init_array    0x080046a0        0x4 c:/ac6/systemworkbench/plugins/fr.ac6.mcu.externaltools.arm-none.win32_1.15.0.201708311556/tools/compiler/bin/../lib/gcc/arm-none-eabi/6.3.1/thumb/v7e-m/fpv4-sp/hard/crtbegin.o
                0x080046a4                PROVIDE (__init_array_end, .)
                0x080046a8                . = ALIGN (0x8)
 *fill*         0x080046a4        0x4 

.fini_array     0x080046a8        0x8
                0x080046a8                . = ALIGN (0x8)
                [!provide]                PROVIDE (__fini_array_start, .)
 *(SORT(.fini_array.*))
 *(.fini_array*)
 .fini_array    0x080046a8        0x4 c:/ac6/systemworkbench/plugins/fr.ac6.mcu.externaltools.arm-none.win32_1.15.0.201708311556/tools/compiler/bin/../lib/gcc/arm-none-eabi/6.3.1/thumb/v7e-m/fpv4-sp/hard/crtbegin.o
                [!provide]                PROVIDE (__fini_array_end, .)
                0x080046b0                . = ALIGN (0x8)
 *fill*         0x080046ac        0x4 
                0x080046b0                _sidata = LOADADDR (.data)

.data           0x20000000      0x150 load address 0x080046b0
                0x20000000                . = ALIGN (0x8)
                0x20000000                _sdata = .
 *(.data)
 .data          0x20000000       0xc0 Middlewares/ST/STM32_USB_Device_Library/Class/HID/Src/usbd_hid.o
                0x20000088                USBD_HID
 .data          0x200000c0       0x48 Middlewares/USB_HID_Keyboard_Handler/src/usb_hid_presenter.o
                0x200000c0                ppt_action_tables
 .data          0x20000108        0x4 Src/system_stm32l4xx.o
                0x20000108                SystemCoreClock
 .data          0x2000010c       0x44 Src/usbd_desc.o
                0x2000010c                USBD_FS_DeviceDesc
                0x20000120                USBD_LangIDDesc
                0x20000124                USBD_FS_BOSDesc
                0x20000130                FS_Desc
 *(.data*)
                0x20000150                . = ALIGN (0x8)
                0x20000150                _edata = .

.jcr            0x20000150        0x0 load address 0x08004800
 .jcr           0x20000150        0x0 c:/ac6/systemworkbench/plugins/fr.ac6.mcu.externaltools.arm-none.win32_1.15.0.201708311556/tools/compiler/bin/../lib/gcc/arm-none-eabi/6.3.1/thumb/v7e-m/fpv4-sp/hard/crtbegin.o

.igot.plt       0x20000150        0x0 load address 0x08004800
 .igot.plt      0x20000150        0x0 c:/ac6/systemworkbench/plugins/fr.ac6.mcu.externaltools.arm-none.win32_1.15.0.201708311556/tools/compiler/bin/../lib/gcc/arm-none-eabi/6.3.1/thumb/v7e-m/fpv4-sp/hard/crtbegin.o
                0x20000150                . = ALIGN (0x4)

.bss            0x20000150      0x958 load address 0x08004800
                0x20000150                _sbss = .
                0x20000150                __bss_start__ = _sbss
 *(.bss)
 .bss           0x20000150       0x1c c:/ac6/systemworkbench/plugins/fr.ac6.mcu.externaltools.arm-none.win32_1.15.0.201708311556/tools/compiler/bin/../lib/gcc/arm-none-eabi/6.3.1/thumb/v7e-m/fpv4-sp/hard/crtbegin.o
 .bss           0x2000016c        0x1 Middlewares/ST/STM32_USB_Device_Library/Core/Src/usbd_ctlreq.o
 *fill*         0x2000016d        0x3 
 .bss           0x20000170       0x14 Src/usbd_conf.o
 *(.bss*)
 *(COMMON)
 COMMON         0x20000184        0x4 Drivers/STM32L4xx_HAL_Driver/Src/stm32l4xx_hal.o
                0x20000184                uwTick
 COMMON         0x20000188        0x8 Middlewares/USB_HID_Keyboard_Handler/src/usb_hid_keyboard.o
                0x20000188                usb_hid_keyboard
 COMMON         0x20000190       0xc0 Src/usart.o
                0x20000190                hdma_usart2_tx
                0x200001d8                huart2
 COMMON         0x20000250      0x224 Src/usb_device.o
                0x20000250                hUsbDeviceFS
 COMMON         0x20000474      0x434 Src/usbd_conf.o
                0x20000474                hpcd_USB_FS
 COMMON         0x200008a8      0x200 Src/usbd_desc.o
                0x200008a8                USBD_StrDesc
                0x20000aa8                . = ALIGN (0x4)
                0x20000aa8                _ebss = .
                0x20000aa8                __bss_end__ = _ebss

._user_heap_stack
                0x20000aa8      0x600 load address 0x08004800
                0x20000aa8                . = ALIGN (0x8)
                [!provide]                PROVIDE (end, .)
                [!provide]                PROVIDE (_end, .)
                0x20000ca8                . = (. + _Min_Heap_Size)
 *fill*         0x20000aa8      0x200 
                0x200010a8                . = (. + _Min_Stack_Size)
 *fill*         0x20000ca8      0x400 
                0x200010a8                . = ALIGN (0x8)

/DISCARD/
 libc.a(*)
 libm.a(*)
 libgcc.a(*)

.ARM.attributes
                0x00000000       0x30
 *(.ARM.attributes)
 .ARM.attributes
                0x00000000       0x22 c:/ac6/systemworkbench/plugins/fr.ac6.mcu.externaltools.arm-none.win32_1.15.0.201708311556/tools/compiler/bin/../lib/gcc/arm-none-eabi/6.3.1/thumb/v7e-m/fpv4-sp/hard/crti.o
 .ARM.attributes
                0x00000022       0x34 c:/ac6/systemworkbench/plugins/fr.ac6.mcu.externaltools.arm-none.win32_1.15.0.201708311556/tools/compiler/bin/../lib/gcc/arm-none-eabi/6.3.1/thumb/v7e-m/fpv4-sp/hard/crtbegin.o
 .ARM.attributes
                0x00000056       0x39 Drivers/STM32L4xx_HAL_Driver/Src/stm32l4xx_hal.o
 .ARM.attributes
                0x0000008f       0x39 Drivers/STM32L4xx_HAL_Driver/Src/stm32l4xx_hal_cortex.o
 .ARM.attributes
                0x000000c8       0x39 Drivers/STM32L4xx_HAL_Driver/Src/stm32l4xx_hal_dma.o
 .ARM.attributes
                0x00000101       0x39 Drivers/STM32L4xx_HAL_Driver/Src/stm32l4xx_hal_gpio.o
 .ARM.attributes
                0x0000013a       0x39 Drivers/STM32L4xx_HAL_Driver/Src/stm32l4xx_hal_pcd.o
 .ARM.attributes
                0x00000173       0x39 Drivers/STM32L4xx_HAL_Driver/Src/stm32l4xx_hal_pcd_ex.o
 .ARM.attributes
                0x000001ac       0x39 Drivers/STM32L4xx_HAL_Driver/Src/stm32l4xx_hal_pwr_ex.o
 .ARM.attributes
                0x000001e5       0x39 Drivers/STM32L4xx_HAL_Driver/Src/stm32l4xx_hal_rcc.o
 .ARM.attributes
                0x0000021e       0x39 Drivers/STM32L4xx_HAL_Driver/Src/stm32l4xx_hal_rcc_ex.o
 .ARM.attributes
                0x00000257       0x39 Drivers/STM32L4xx_HAL_Driver/Src/stm32l4xx_hal_uart.o
 .ARM.attributes
                0x00000290       0x39 Drivers/STM32L4xx_HAL_Driver/Src/stm32l4xx_hal_uart_ex.o
 .ARM.attributes
                0x000002c9       0x39 Drivers/STM32L4xx_HAL_Driver/Src/stm32l4xx_ll_usb.o
 .ARM.attributes
                0x00000302       0x39 Middlewares/ST/STM32_USB_Device_Library/Class/HID/Src/usbd_hid.o
 .ARM.attributes
                0x0000033b       0x39 Middlewares/ST/STM32_USB_Device_Library/Core/Src/usbd_core.o
 .ARM.attributes
                0x00000374       0x39 Middlewares/ST/STM32_USB_Device_Library/Core/Src/usbd_ctlreq.o
 .ARM.attributes
                0x000003ad       0x39 Middlewares/ST/STM32_USB_Device_Library/Core/Src/usbd_ioreq.o
 .ARM.attributes
                0x000003e6       0x39 Middlewares/USB_HID_Keyboard_Handler/src/usb_hid_keyboard.o
 .ARM.attributes
                0x0000041f       0x39 Middlewares/USB_HID_Keyboard_Handler/src/usb_hid_presenter.o
 .ARM.attributes
                0x00000458       0x39 Src/dma.o
 .ARM.attributes
                0x00000491       0x39 Src/gpio.o
 .ARM.attributes
                0x000004ca       0x39 Src/main.o
 .ARM.attributes
                0x00000503       0x39 Src/stm32l4xx_hal_msp.o
 .ARM.attributes
                0x0000053c       0x39 Src/stm32l4xx_it.o
 .ARM.attributes
                0x00000575       0x39 Src/system_stm32l4xx.o
 .ARM.attributes
                0x000005ae       0x39 Src/usart.o
 .ARM.attributes
                0x000005e7       0x39 Src/usb_device.o
 .ARM.attributes
                0x00000620       0x39 Src/usbd_conf.o
 .ARM.attributes
                0x00000659       0x39 Src/usbd_desc.o
 .ARM.attributes
                0x00000692       0x21 startup/startup_stm32l432xx.o
 .ARM.attributes
                0x000006b3       0x22 c:/ac6/systemworkbench/plugins/fr.ac6.mcu.externaltools.arm-none.win32_1.15.0.201708311556/tools/compiler/bin/../lib/gcc/arm-none-eabi/6.3.1/thumb/v7e-m/fpv4-sp/hard\libgcc.a(_aeabi_uldivmod.o)
 .ARM.attributes
                0x000006d5       0x34 c:/ac6/systemworkbench/plugins/fr.ac6.mcu.externaltools.arm-none.win32_1.15.0.201708311556/tools/compiler/bin/../lib/gcc/arm-none-eabi/6.3.1/thumb/v7e-m/fpv4-sp/hard\libgcc.a(_udivmoddi4.o)
 .ARM.attributes
                0x00000709       0x22 c:/ac6/systemworkbench/plugins/fr.ac6.mcu.externaltools.arm-none.win32_1.15.0.201708311556/tools/compiler/bin/../lib/gcc/arm-none-eabi/6.3.1/thumb/v7e-m/fpv4-sp/hard\libgcc.a(_dvmd_tls.o)
 .ARM.attributes
                0x0000072b       0x34 c:/ac6/systemworkbench/plugins/fr.ac6.mcu.externaltools.arm-none.win32_1.15.0.201708311556/tools/compiler/bin/../lib/gcc/arm-none-eabi/6.3.1/../../../../arm-none-eabi/lib/thumb/v7e-m/fpv4-sp/hard\libc_nano.a(lib_a-init.o)
 .ARM.attributes
                0x0000075f       0x22 c:/ac6/systemworkbench/plugins/fr.ac6.mcu.externaltools.arm-none.win32_1.15.0.201708311556/tools/compiler/bin/../lib/gcc/arm-none-eabi/6.3.1/thumb/v7e-m/fpv4-sp/hard/crtn.o
OUTPUT(PPT_Remote.elf elf32-littlearm)

.debug_info     0x00000000    0x22f5b
 .debug_info    0x00000000     0x119b Drivers/STM32L4xx_HAL_Driver/Src/stm32l4xx_hal.o
 .debug_info    0x0000119b     0x170b Drivers/STM32L4xx_HAL_Driver/Src/stm32l4xx_hal_cortex.o
 .debug_info    0x000028a6     0x107b Drivers/STM32L4xx_HAL_Driver/Src/stm32l4xx_hal_dma.o
 .debug_info    0x00003921     0x1090 Drivers/STM32L4xx_HAL_Driver/Src/stm32l4xx_hal_gpio.o
 .debug_info    0x000049b1     0x1b4c Drivers/STM32L4xx_HAL_Driver/Src/stm32l4xx_hal_pcd.o
 .debug_info    0x000064fd     0x11c5 Drivers/STM32L4xx_HAL_Driver/Src/stm32l4xx_hal_pcd_ex.o
 .debug_info    0x000076c2     0x122b Drivers/STM32L4xx_HAL_Driver/Src/stm32l4xx_hal_pwr_ex.o
 .debug_info    0x000088ed     0x15be Drivers/STM32L4xx_HAL_Driver/Src/stm32l4xx_hal_rcc.o
 .debug_info    0x00009eab     0x1898 Drivers/STM32L4xx_HAL_Driver/Src/stm32l4xx_hal_rcc_ex.o
 .debug_info    0x0000b743     0x243a Drivers/STM32L4xx_HAL_Driver/Src/stm32l4xx_hal_uart.o
 .debug_info    0x0000db7d     0x11f8 Drivers/STM32L4xx_HAL_Driver/Src/stm32l4xx_hal_uart_ex.o
 .debug_info    0x0000ed75     0x176c Drivers/STM32L4xx_HAL_Driver/Src/stm32l4xx_ll_usb.o
 .debug_info    0x000104e1     0x11b0 Middlewares/ST/STM32_USB_Device_Library/Class/HID/Src/usbd_hid.o
 .debug_info    0x00011691     0x14c1 Middlewares/ST/STM32_USB_Device_Library/Core/Src/usbd_core.o
 .debug_info    0x00012b52     0x16a7 Middlewares/ST/STM32_USB_Device_Library/Core/Src/usbd_ctlreq.o
 .debug_info    0x000141f9     0x100a Middlewares/ST/STM32_USB_Device_Library/Core/Src/usbd_ioreq.o
 .debug_info    0x00015203      0xf5a Middlewares/USB_HID_Keyboard_Handler/src/usb_hid_keyboard.o
 .debug_info    0x0001615d      0xa93 Middlewares/USB_HID_Keyboard_Handler/src/usb_hid_presenter.o
 .debug_info    0x00016bf0      0xd9e Src/dma.o
 .debug_info    0x0001798e      0xd6d Src/gpio.o
 .debug_info    0x000186fb     0x1c02 Src/main.o
 .debug_info    0x0001a2fd      0xe6f Src/stm32l4xx_hal_msp.o
 .debug_info    0x0001b16c     0x142f Src/stm32l4xx_it.o
 .debug_info    0x0001c59b      0xdf6 Src/system_stm32l4xx.o
 .debug_info    0x0001d391     0x15e7 Src/usart.o
 .debug_info    0x0001e978     0x139a Src/usb_device.o
 .debug_info    0x0001fd12     0x23e5 Src/usbd_conf.o
 .debug_info    0x000220f7      0xdf4 Src/usbd_desc.o
 .debug_info    0x00022eeb       0x70 startup/startup_stm32l432xx.o

.debug_abbrev   0x00000000     0x4a03
 .debug_abbrev  0x00000000      0x2e3 Drivers/STM32L4xx_HAL_Driver/Src/stm32l4xx_hal.o
 .debug_abbrev  0x000002e3      0x3b8 Drivers/STM32L4xx_HAL_Driver/Src/stm32l4xx_hal_cortex.o
 .debug_abbrev  0x0000069b      0x2e3 Drivers/STM32L4xx_HAL_Driver/Src/stm32l4xx_hal_dma.o
 .debug_abbrev  0x0000097e      0x2a5 Drivers/STM32L4xx_HAL_Driver/Src/stm32l4xx_hal_gpio.o
 .debug_abbrev  0x00000c23      0x32c Drivers/STM32L4xx_HAL_Driver/Src/stm32l4xx_hal_pcd.o
 .debug_abbrev  0x00000f4f      0x28e Drivers/STM32L4xx_HAL_Driver/Src/stm32l4xx_hal_pcd_ex.o
 .debug_abbrev  0x000011dd      0x2d2 Drivers/STM32L4xx_HAL_Driver/Src/stm32l4xx_hal_pwr_ex.o
 .debug_abbrev  0x000014af      0x2ea Drivers/STM32L4xx_HAL_Driver/Src/stm32l4xx_hal_rcc.o
 .debug_abbrev  0x00001799      0x30a Drivers/STM32L4xx_HAL_Driver/Src/stm32l4xx_hal_rcc_ex.o
 .debug_abbrev  0x00001aa3      0x31f Drivers/STM32L4xx_HAL_Driver/Src/stm32l4xx_hal_uart.o
 .debug_abbrev  0x00001dc2      0x2be Drivers/STM32L4xx_HAL_Driver/Src/stm32l4xx_hal_uart_ex.o
 .debug_abbrev  0x00002080      0x2df Drivers/STM32L4xx_HAL_Driver/Src/stm32l4xx_ll_usb.o
 .debug_abbrev  0x0000235f      0x29d Middlewares/ST/STM32_USB_Device_Library/Class/HID/Src/usbd_hid.o
 .debug_abbrev  0x000025fc      0x2c6 Middlewares/ST/STM32_USB_Device_Library/Core/Src/usbd_core.o
 .debug_abbrev  0x000028c2      0x327 Middlewares/ST/STM32_USB_Device_Library/Core/Src/usbd_ctlreq.o
 .debug_abbrev  0x00002be9      0x213 Middlewares/ST/STM32_USB_Device_Library/Core/Src/usbd_ioreq.o
 .debug_abbrev  0x00002dfc      0x242 Middlewares/USB_HID_Keyboard_Handler/src/usb_hid_keyboard.o
 .debug_abbrev  0x0000303e      0x218 Middlewares/USB_HID_Keyboard_Handler/src/usb_hid_presenter.o
 .debug_abbrev  0x00003256      0x232 Src/dma.o
 .debug_abbrev  0x00003488      0x229 Src/gpio.o
 .debug_abbrev  0x000036b1      0x26e Src/main.o
 .debug_abbrev  0x0000391f      0x232 Src/stm32l4xx_hal_msp.o
 .debug_abbrev  0x00003b51      0x203 Src/stm32l4xx_it.o
 .debug_abbrev  0x00003d54      0x226 Src/system_stm32l4xx.o
 .debug_abbrev  0x00003f7a      0x27b Src/usart.o
 .debug_abbrev  0x000041f5      0x263 Src/usb_device.o
 .debug_abbrev  0x00004458      0x341 Src/usbd_conf.o
 .debug_abbrev  0x00004799      0x258 Src/usbd_desc.o
 .debug_abbrev  0x000049f1       0x12 startup/startup_stm32l432xx.o

.debug_loc      0x00000000     0x9171
 .debug_loc     0x00000000       0x76 Drivers/STM32L4xx_HAL_Driver/Src/stm32l4xx_hal.o
 .debug_loc     0x00000076      0x5ce Drivers/STM32L4xx_HAL_Driver/Src/stm32l4xx_hal_cortex.o
 .debug_loc     0x00000644      0x774 Drivers/STM32L4xx_HAL_Driver/Src/stm32l4xx_hal_dma.o
 .debug_loc     0x00000db8      0x343 Drivers/STM32L4xx_HAL_Driver/Src/stm32l4xx_hal_gpio.o
 .debug_loc     0x000010fb      0xa4b Drivers/STM32L4xx_HAL_Driver/Src/stm32l4xx_hal_pcd.o
 .debug_loc     0x00001b46      0x1a1 Drivers/STM32L4xx_HAL_Driver/Src/stm32l4xx_hal_pcd_ex.o
 .debug_loc     0x00001ce7      0x571 Drivers/STM32L4xx_HAL_Driver/Src/stm32l4xx_hal_pwr_ex.o
 .debug_loc     0x00002258      0x623 Drivers/STM32L4xx_HAL_Driver/Src/stm32l4xx_hal_rcc.o
 .debug_loc     0x0000287b     0x1555 Drivers/STM32L4xx_HAL_Driver/Src/stm32l4xx_hal_rcc_ex.o
 .debug_loc     0x00003dd0     0x17a8 Drivers/STM32L4xx_HAL_Driver/Src/stm32l4xx_hal_uart.o
 .debug_loc     0x00005578      0x31c Drivers/STM32L4xx_HAL_Driver/Src/stm32l4xx_hal_uart_ex.o
 .debug_loc     0x00005894      0xb2e Drivers/STM32L4xx_HAL_Driver/Src/stm32l4xx_ll_usb.o
 .debug_loc     0x000063c2      0x4b6 Middlewares/ST/STM32_USB_Device_Library/Class/HID/Src/usbd_hid.o
 .debug_loc     0x00006878      0x71c Middlewares/ST/STM32_USB_Device_Library/Core/Src/usbd_core.o
 .debug_loc     0x00006f94      0xb99 Middlewares/ST/STM32_USB_Device_Library/Core/Src/usbd_ctlreq.o
 .debug_loc     0x00007b2d      0x23c Middlewares/ST/STM32_USB_Device_Library/Core/Src/usbd_ioreq.o
 .debug_loc     0x00007d69      0x161 Middlewares/USB_HID_Keyboard_Handler/src/usb_hid_keyboard.o
 .debug_loc     0x00007eca       0xca Middlewares/USB_HID_Keyboard_Handler/src/usb_hid_presenter.o
 .debug_loc     0x00007f94      0x1e4 Src/system_stm32l4xx.o
 .debug_loc     0x00008178       0x4a Src/usart.o
 .debug_loc     0x000081c2       0x3f Src/usb_device.o
 .debug_loc     0x00008201      0xc98 Src/usbd_conf.o
 .debug_loc     0x00008e99      0x2d8 Src/usbd_desc.o

.debug_aranges  0x00000000      0xed8
 .debug_aranges
                0x00000000       0xf0 Drivers/STM32L4xx_HAL_Driver/Src/stm32l4xx_hal.o
 .debug_aranges
                0x000000f0       0xa8 Drivers/STM32L4xx_HAL_Driver/Src/stm32l4xx_hal_cortex.o
 .debug_aranges
                0x00000198       0x80 Drivers/STM32L4xx_HAL_Driver/Src/stm32l4xx_hal_dma.o
 .debug_aranges
                0x00000218       0x58 Drivers/STM32L4xx_HAL_Driver/Src/stm32l4xx_hal_gpio.o
 .debug_aranges
                0x00000270      0x120 Drivers/STM32L4xx_HAL_Driver/Src/stm32l4xx_hal_pcd.o
 .debug_aranges
                0x00000390       0x58 Drivers/STM32L4xx_HAL_Driver/Src/stm32l4xx_hal_pcd_ex.o
 .debug_aranges
                0x000003e8      0x108 Drivers/STM32L4xx_HAL_Driver/Src/stm32l4xx_hal_pwr_ex.o
 .debug_aranges
                0x000004f0       0x88 Drivers/STM32L4xx_HAL_Driver/Src/stm32l4xx_hal_rcc.o
 .debug_aranges
                0x00000578       0xe8 Drivers/STM32L4xx_HAL_Driver/Src/stm32l4xx_hal_rcc_ex.o
 .debug_aranges
                0x00000660      0x1f8 Drivers/STM32L4xx_HAL_Driver/Src/stm32l4xx_hal_uart.o
 .debug_aranges
                0x00000858       0x50 Drivers/STM32L4xx_HAL_Driver/Src/stm32l4xx_hal_uart_ex.o
 .debug_aranges
                0x000008a8      0x100 Drivers/STM32L4xx_HAL_Driver/Src/stm32l4xx_ll_usb.o
 .debug_aranges
                0x000009a8       0x58 Middlewares/ST/STM32_USB_Device_Library/Class/HID/Src/usbd_hid.o
 .debug_aranges
                0x00000a00       0xb8 Middlewares/ST/STM32_USB_Device_Library/Core/Src/usbd_core.o
 .debug_aranges
                0x00000ab8       0x88 Middlewares/ST/STM32_USB_Device_Library/Core/Src/usbd_ctlreq.o
 .debug_aranges
                0x00000b40       0x50 Middlewares/ST/STM32_USB_Device_Library/Core/Src/usbd_ioreq.o
 .debug_aranges
                0x00000b90       0x30 Middlewares/USB_HID_Keyboard_Handler/src/usb_hid_keyboard.o
 .debug_aranges
                0x00000bc0       0x28 Middlewares/USB_HID_Keyboard_Handler/src/usb_hid_presenter.o
 .debug_aranges
                0x00000be8       0x20 Src/dma.o
 .debug_aranges
                0x00000c08       0x20 Src/gpio.o
 .debug_aranges
                0x00000c28       0x30 Src/main.o
 .debug_aranges
                0x00000c58       0x20 Src/stm32l4xx_hal_msp.o
 .debug_aranges
                0x00000c78       0x38 Src/stm32l4xx_it.o
 .debug_aranges
                0x00000cb0       0x28 Src/system_stm32l4xx.o
 .debug_aranges
                0x00000cd8       0x30 Src/usart.o
 .debug_aranges
                0x00000d08       0x28 Src/usb_device.o
 .debug_aranges
                0x00000d30      0x128 Src/usbd_conf.o
 .debug_aranges
                0x00000e58       0x58 Src/usbd_desc.o
 .debug_aranges
                0x00000eb0       0x28 startup/startup_stm32l432xx.o

.debug_ranges   0x00000000      0xe68
 .debug_ranges  0x00000000       0xe0 Drivers/STM32L4xx_HAL_Driver/Src/stm32l4xx_hal.o
 .debug_ranges  0x000000e0       0xf8 Drivers/STM32L4xx_HAL_Driver/Src/stm32l4xx_hal_cortex.o
 .debug_ranges  0x000001d8       0x70 Drivers/STM32L4xx_HAL_Driver/Src/stm32l4xx_hal_dma.o
 .debug_ranges  0x00000248       0x48 Drivers/STM32L4xx_HAL_Driver/Src/stm32l4xx_hal_gpio.o
 .debug_ranges  0x00000290      0x140 Drivers/STM32L4xx_HAL_Driver/Src/stm32l4xx_hal_pcd.o
 .debug_ranges  0x000003d0       0x48 Drivers/STM32L4xx_HAL_Driver/Src/stm32l4xx_hal_pcd_ex.o
 .debug_ranges  0x00000418       0xf8 Drivers/STM32L4xx_HAL_Driver/Src/stm32l4xx_hal_pwr_ex.o
 .debug_ranges  0x00000510       0x90 Drivers/STM32L4xx_HAL_Driver/Src/stm32l4xx_hal_rcc.o
 .debug_ranges  0x000005a0       0xf8 Drivers/STM32L4xx_HAL_Driver/Src/stm32l4xx_hal_rcc_ex.o
 .debug_ranges  0x00000698      0x1e8 Drivers/STM32L4xx_HAL_Driver/Src/stm32l4xx_hal_uart.o
 .debug_ranges  0x00000880       0x40 Drivers/STM32L4xx_HAL_Driver/Src/stm32l4xx_hal_uart_ex.o
 .debug_ranges  0x000008c0      0x180 Drivers/STM32L4xx_HAL_Driver/Src/stm32l4xx_ll_usb.o
 .debug_ranges  0x00000a40       0x48 Middlewares/ST/STM32_USB_Device_Library/Class/HID/Src/usbd_hid.o
 .debug_ranges  0x00000a88       0xa8 Middlewares/ST/STM32_USB_Device_Library/Core/Src/usbd_core.o
 .debug_ranges  0x00000b30       0x78 Middlewares/ST/STM32_USB_Device_Library/Core/Src/usbd_ctlreq.o
 .debug_ranges  0x00000ba8       0x40 Middlewares/ST/STM32_USB_Device_Library/Core/Src/usbd_ioreq.o
 .debug_ranges  0x00000be8       0x20 Middlewares/USB_HID_Keyboard_Handler/src/usb_hid_keyboard.o
 .debug_ranges  0x00000c08       0x18 Middlewares/USB_HID_Keyboard_Handler/src/usb_hid_presenter.o
 .debug_ranges  0x00000c20       0x10 Src/dma.o
 .debug_ranges  0x00000c30       0x10 Src/gpio.o
 .debug_ranges  0x00000c40       0x20 Src/main.o
 .debug_ranges  0x00000c60       0x10 Src/stm32l4xx_hal_msp.o
 .debug_ranges  0x00000c70       0x28 Src/stm32l4xx_it.o
 .debug_ranges  0x00000c98       0x18 Src/system_stm32l4xx.o
 .debug_ranges  0x00000cb0       0x20 Src/usart.o
 .debug_ranges  0x00000cd0       0x18 Src/usb_device.o
 .debug_ranges  0x00000ce8      0x118 Src/usbd_conf.o
 .debug_ranges  0x00000e00       0x48 Src/usbd_desc.o
 .debug_ranges  0x00000e48       0x20 startup/startup_stm32l432xx.o

.debug_macro    0x00000000    0x246d8
 .debug_macro   0x00000000      0x386 Drivers/STM32L4xx_HAL_Driver/Src/stm32l4xx_hal.o
 .debug_macro   0x00000386      0x8bc Drivers/STM32L4xx_HAL_Driver/Src/stm32l4xx_hal.o
 .debug_macro   0x00000c42       0x58 Drivers/STM32L4xx_HAL_Driver/Src/stm32l4xx_hal.o
 .debug_macro   0x00000c9a       0xb4 Drivers/STM32L4xx_HAL_Driver/Src/stm32l4xx_hal.o
 .debug_macro   0x00000d4e       0x2e Drivers/STM32L4xx_HAL_Driver/Src/stm32l4xx_hal.o
 .debug_macro   0x00000d7c       0x28 Drivers/STM32L4xx_HAL_Driver/Src/stm32l4xx_hal.o
 .debug_macro   0x00000da4       0x22 Drivers/STM32L4xx_HAL_Driver/Src/stm32l4xx_hal.o
 .debug_macro   0x00000dc6       0x87 Drivers/STM32L4xx_HAL_Driver/Src/stm32l4xx_hal.o
 .debug_macro   0x00000e4d       0x51 Drivers/STM32L4xx_HAL_Driver/Src/stm32l4xx_hal.o
 .debug_macro   0x00000e9e       0xef Drivers/STM32L4xx_HAL_Driver/Src/stm32l4xx_hal.o
 .debug_macro   0x00000f8d       0x6a Drivers/STM32L4xx_HAL_Driver/Src/stm32l4xx_hal.o
 .debug_macro   0x00000ff7      0x1df Drivers/STM32L4xx_HAL_Driver/Src/stm32l4xx_hal.o
 .debug_macro   0x000011d6       0x35 Drivers/STM32L4xx_HAL_Driver/Src/stm32l4xx_hal.o
 .debug_macro   0x0000120b       0x50 Drivers/STM32L4xx_HAL_Driver/Src/stm32l4xx_hal.o
 .debug_macro   0x0000125b      0xe66 Drivers/STM32L4xx_HAL_Driver/Src/stm32l4xx_hal.o
 .debug_macro   0x000020c1    0x1470c Drivers/STM32L4xx_HAL_Driver/Src/stm32l4xx_hal.o
 .debug_macro   0x000167cd       0x43 Drivers/STM32L4xx_HAL_Driver/Src/stm32l4xx_hal.o
 .debug_macro   0x00016810     0x36a8 Drivers/STM32L4xx_HAL_Driver/Src/stm32l4xx_hal.o
 .debug_macro   0x00019eb8       0x58 Drivers/STM32L4xx_HAL_Driver/Src/stm32l4xx_hal.o
 .debug_macro   0x00019f10       0x35 Drivers/STM32L4xx_HAL_Driver/Src/stm32l4xx_hal.o
 .debug_macro   0x00019f45       0x9c Drivers/STM32L4xx_HAL_Driver/Src/stm32l4xx_hal.o
 .debug_macro   0x00019fe1       0x16 Drivers/STM32L4xx_HAL_Driver/Src/stm32l4xx_hal.o
 .debug_macro   0x00019ff7       0x97 Drivers/STM32L4xx_HAL_Driver/Src/stm32l4xx_hal.o
 .debug_macro   0x0001a08e      0x330 Drivers/STM32L4xx_HAL_Driver/Src/stm32l4xx_hal.o
 .debug_macro   0x0001a3be       0xfd Drivers/STM32L4xx_HAL_Driver/Src/stm32l4xx_hal.o
 .debug_macro   0x0001a4bb       0x10 Drivers/STM32L4xx_HAL_Driver/Src/stm32l4xx_hal.o
 .debug_macro   0x0001a4cb       0x58 Drivers/STM32L4xx_HAL_Driver/Src/stm32l4xx_hal.o
 .debug_macro   0x0001a523       0x1f Drivers/STM32L4xx_HAL_Driver/Src/stm32l4xx_hal.o
 .debug_macro   0x0001a542       0x43 Drivers/STM32L4xx_HAL_Driver/Src/stm32l4xx_hal.o
 .debug_macro   0x0001a585       0x20 Drivers/STM32L4xx_HAL_Driver/Src/stm32l4xx_hal.o
 .debug_macro   0x0001a5a5      0x187 Drivers/STM32L4xx_HAL_Driver/Src/stm32l4xx_hal.o
 .debug_macro   0x0001a72c       0x10 Drivers/STM32L4xx_HAL_Driver/Src/stm32l4xx_hal.o
 .debug_macro   0x0001a73c       0x1c Drivers/STM32L4xx_HAL_Driver/Src/stm32l4xx_hal.o
 .debug_macro   0x0001a758       0x52 Drivers/STM32L4xx_HAL_Driver/Src/stm32l4xx_hal.o
 .debug_macro   0x0001a7aa       0x40 Drivers/STM32L4xx_HAL_Driver/Src/stm32l4xx_hal.o
 .debug_macro   0x0001a7ea       0x10 Drivers/STM32L4xx_HAL_Driver/Src/stm32l4xx_hal.o
 .debug_macro   0x0001a7fa       0x40 Drivers/STM32L4xx_HAL_Driver/Src/stm32l4xx_hal.o
 .debug_macro   0x0001a83a       0xd7 Drivers/STM32L4xx_HAL_Driver/Src/stm32l4xx_hal.o
 .debug_macro   0x0001a911       0x16 Drivers/STM32L4xx_HAL_Driver/Src/stm32l4xx_hal.o
 .debug_macro   0x0001a927      0x18b Drivers/STM32L4xx_HAL_Driver/Src/stm32l4xx_hal.o
 .debug_macro   0x0001aab2       0x50 Drivers/STM32L4xx_HAL_Driver/Src/stm32l4xx_hal.o
 .debug_macro   0x0001ab02     0x1192 Drivers/STM32L4xx_HAL_Driver/Src/stm32l4xx_hal.o
 .debug_macro   0x0001bc94      0x535 Drivers/STM32L4xx_HAL_Driver/Src/stm32l4xx_hal.o
 .debug_macro   0x0001c1c9      0x148 Drivers/STM32L4xx_HAL_Driver/Src/stm32l4xx_hal.o
 .debug_macro   0x0001c311      0x10b Drivers/STM32L4xx_HAL_Driver/Src/stm32l4xx_hal.o
 .debug_macro   0x0001c41c      0x26b Drivers/STM32L4xx_HAL_Driver/Src/stm32l4xx_hal.o
 .debug_macro   0x0001c687      0x23a Drivers/STM32L4xx_HAL_Driver/Src/stm32l4xx_hal.o
 .debug_macro   0x0001c8c1      0x360 Drivers/STM32L4xx_HAL_Driver/Src/stm32l4xx_hal.o
 .debug_macro   0x0001cc21       0x10 Drivers/STM32L4xx_HAL_Driver/Src/stm32l4xx_hal.o
 .debug_macro   0x0001cc31       0xe4 Drivers/STM32L4xx_HAL_Driver/Src/stm32l4xx_hal.o
 .debug_macro   0x0001cd15      0x202 Drivers/STM32L4xx_HAL_Driver/Src/stm32l4xx_hal.o
 .debug_macro   0x0001cf17       0x61 Drivers/STM32L4xx_HAL_Driver/Src/stm32l4xx_hal.o
 .debug_macro   0x0001cf78       0x90 Drivers/STM32L4xx_HAL_Driver/Src/stm32l4xx_hal.o
 .debug_macro   0x0001d008      0x126 Drivers/STM32L4xx_HAL_Driver/Src/stm32l4xx_hal.o
 .debug_macro   0x0001d12e      0x2d2 Drivers/STM32L4xx_HAL_Driver/Src/stm32l4xx_hal.o
 .debug_macro   0x0001d400      0x535 Drivers/STM32L4xx_HAL_Driver/Src/stm32l4xx_hal.o
 .debug_macro   0x0001d935       0x44 Drivers/STM32L4xx_HAL_Driver/Src/stm32l4xx_hal.o
 .debug_macro   0x0001d979       0x50 Drivers/STM32L4xx_HAL_Driver/Src/stm32l4xx_hal.o
 .debug_macro   0x0001d9c9      0x265 Drivers/STM32L4xx_HAL_Driver/Src/stm32l4xx_hal.o
 .debug_macro   0x0001dc2e      0x21a Drivers/STM32L4xx_HAL_Driver/Src/stm32l4xx_hal.o
 .debug_macro   0x0001de48      0x33e Drivers/STM32L4xx_HAL_Driver/Src/stm32l4xx_hal_cortex.o
 .debug_macro   0x0001e186      0x33e Drivers/STM32L4xx_HAL_Driver/Src/stm32l4xx_hal_dma.o
 .debug_macro   0x0001e4c4      0x37d Drivers/STM32L4xx_HAL_Driver/Src/stm32l4xx_hal_gpio.o
 .debug_macro   0x0001e841      0x356 Drivers/STM32L4xx_HAL_Driver/Src/stm32l4xx_hal_pcd.o
 .debug_macro   0x0001eb97      0x33e Drivers/STM32L4xx_HAL_Driver/Src/stm32l4xx_hal_pcd_ex.o
 .debug_macro   0x0001eed5      0x362 Drivers/STM32L4xx_HAL_Driver/Src/stm32l4xx_hal_pwr_ex.o
 .debug_macro   0x0001f237      0x380 Drivers/STM32L4xx_HAL_Driver/Src/stm32l4xx_hal_rcc.o
 .debug_macro   0x0001f5b7      0x374 Drivers/STM32L4xx_HAL_Driver/Src/stm32l4xx_hal_rcc_ex.o
 .debug_macro   0x0001f92b      0x367 Drivers/STM32L4xx_HAL_Driver/Src/stm32l4xx_hal_uart.o
 .debug_macro   0x0001fc92      0x33e Drivers/STM32L4xx_HAL_Driver/Src/stm32l4xx_hal_uart_ex.o
 .debug_macro   0x0001ffd0      0x33e Drivers/STM32L4xx_HAL_Driver/Src/stm32l4xx_ll_usb.o
 .debug_macro   0x0002030e      0x3f4 Middlewares/ST/STM32_USB_Device_Library/Class/HID/Src/usbd_hid.o
 .debug_macro   0x00020702       0x52 Middlewares/ST/STM32_USB_Device_Library/Class/HID/Src/usbd_hid.o
 .debug_macro   0x00020754       0x8d Middlewares/ST/STM32_USB_Device_Library/Class/HID/Src/usbd_hid.o
 .debug_macro   0x000207e1       0x57 Middlewares/ST/STM32_USB_Device_Library/Class/HID/Src/usbd_hid.o
 .debug_macro   0x00020838       0x16 Middlewares/ST/STM32_USB_Device_Library/Class/HID/Src/usbd_hid.o
 .debug_macro   0x0002084e       0x35 Middlewares/ST/STM32_USB_Device_Library/Class/HID/Src/usbd_hid.o
 .debug_macro   0x00020883       0x16 Middlewares/ST/STM32_USB_Device_Library/Class/HID/Src/usbd_hid.o
 .debug_macro   0x00020899       0x29 Middlewares/ST/STM32_USB_Device_Library/Class/HID/Src/usbd_hid.o
 .debug_macro   0x000208c2       0x16 Middlewares/ST/STM32_USB_Device_Library/Class/HID/Src/usbd_hid.o
 .debug_macro   0x000208d8       0x6a Middlewares/ST/STM32_USB_Device_Library/Class/HID/Src/usbd_hid.o
 .debug_macro   0x00020942      0x1c3 Middlewares/ST/STM32_USB_Device_Library/Class/HID/Src/usbd_hid.o
 .debug_macro   0x00020b05       0x6a Middlewares/ST/STM32_USB_Device_Library/Class/HID/Src/usbd_hid.o
 .debug_macro   0x00020b6f      0x3cd Middlewares/ST/STM32_USB_Device_Library/Core/Src/usbd_core.o
 .debug_macro   0x00020f3c      0x1c9 Middlewares/ST/STM32_USB_Device_Library/Core/Src/usbd_core.o
 .debug_macro   0x00021105      0x3d7 Middlewares/ST/STM32_USB_Device_Library/Core/Src/usbd_ctlreq.o
 .debug_macro   0x000214dc      0x3d3 Middlewares/ST/STM32_USB_Device_Library/Core/Src/usbd_ioreq.o
 .debug_macro   0x000218af      0x409 Middlewares/USB_HID_Keyboard_Handler/src/usb_hid_keyboard.o
 .debug_macro   0x00021cb8      0x2c9 Middlewares/USB_HID_Keyboard_Handler/src/usb_hid_keyboard.o
 .debug_macro   0x00021f81      0x36c Middlewares/USB_HID_Keyboard_Handler/src/usb_hid_presenter.o
 .debug_macro   0x000222ed       0x22 Middlewares/USB_HID_Keyboard_Handler/src/usb_hid_presenter.o
 .debug_macro   0x0002230f      0x348 Src/dma.o
 .debug_macro   0x00022657      0x348 Src/gpio.o
 .debug_macro   0x0002299f      0x40d Src/main.o
 .debug_macro   0x00022dac      0x33e Src/stm32l4xx_hal_msp.o
 .debug_macro   0x000230ea      0x348 Src/stm32l4xx_it.o
 .debug_macro   0x00023432      0x345 Src/system_stm32l4xx.o
 .debug_macro   0x00023777      0x35c Src/usart.o
 .debug_macro   0x00023ad3      0x404 Src/usb_device.o
 .debug_macro   0x00023ed7      0x3f0 Src/usbd_conf.o
 .debug_macro   0x000242c7      0x411 Src/usbd_desc.o

.debug_line     0x00000000    0x11c49
 .debug_line    0x00000000      0x9c3 Drivers/STM32L4xx_HAL_Driver/Src/stm32l4xx_hal.o
 .debug_line    0x000009c3      0x9e8 Drivers/STM32L4xx_HAL_Driver/Src/stm32l4xx_hal_cortex.o
 .debug_line    0x000013ab      0xa43 Drivers/STM32L4xx_HAL_Driver/Src/stm32l4xx_hal_dma.o
 .debug_line    0x00001dee      0x92a Drivers/STM32L4xx_HAL_Driver/Src/stm32l4xx_hal_gpio.o
 .debug_line    0x00002718      0xcad Drivers/STM32L4xx_HAL_Driver/Src/stm32l4xx_hal_pcd.o
 .debug_line    0x000033c5      0x89d Drivers/STM32L4xx_HAL_Driver/Src/stm32l4xx_hal_pcd_ex.o
 .debug_line    0x00003c62      0xb1a Drivers/STM32L4xx_HAL_Driver/Src/stm32l4xx_hal_pwr_ex.o
 .debug_line    0x0000477c      0xb34 Drivers/STM32L4xx_HAL_Driver/Src/stm32l4xx_hal_rcc.o
 .debug_line    0x000052b0      0xd48 Drivers/STM32L4xx_HAL_Driver/Src/stm32l4xx_hal_rcc_ex.o
 .debug_line    0x00005ff8     0x1316 Drivers/STM32L4xx_HAL_Driver/Src/stm32l4xx_hal_uart.o
 .debug_line    0x0000730e      0x8fa Drivers/STM32L4xx_HAL_Driver/Src/stm32l4xx_hal_uart_ex.o
 .debug_line    0x00007c08      0xbea Drivers/STM32L4xx_HAL_Driver/Src/stm32l4xx_ll_usb.o
 .debug_line    0x000087f2      0xa30 Middlewares/ST/STM32_USB_Device_Library/Class/HID/Src/usbd_hid.o
 .debug_line    0x00009222      0xac6 Middlewares/ST/STM32_USB_Device_Library/Core/Src/usbd_core.o
 .debug_line    0x00009ce8      0xadd Middlewares/ST/STM32_USB_Device_Library/Core/Src/usbd_ctlreq.o
 .debug_line    0x0000a7c5      0x951 Middlewares/ST/STM32_USB_Device_Library/Core/Src/usbd_ioreq.o
 .debug_line    0x0000b116      0xa01 Middlewares/USB_HID_Keyboard_Handler/src/usb_hid_keyboard.o
 .debug_line    0x0000bb17      0x89f Middlewares/USB_HID_Keyboard_Handler/src/usb_hid_presenter.o
 .debug_line    0x0000c3b6      0x7d0 Src/dma.o
 .debug_line    0x0000cb86      0x7d8 Src/gpio.o
 .debug_line    0x0000d35e      0x9b0 Src/main.o
 .debug_line    0x0000dd0e      0x7db Src/stm32l4xx_hal_msp.o
 .debug_line    0x0000e4e9      0x812 Src/stm32l4xx_it.o
 .debug_line    0x0000ecfb      0x814 Src/system_stm32l4xx.o
 .debug_line    0x0000f50f      0x838 Src/usart.o
 .debug_line    0x0000fd47      0x951 Src/usb_device.o
 .debug_line    0x00010698      0xbe6 Src/usbd_conf.o
 .debug_line    0x0001127e      0x94c Src/usbd_desc.o
 .debug_line    0x00011bca       0x7f startup/startup_stm32l432xx.o

.debug_str      0x00000000    0xbf5f5
 .debug_str     0x00000000    0xb991e Drivers/STM32L4xx_HAL_Driver/Src/stm32l4xx_hal.o
                              0xb9d8f (size before relaxing)
 .debug_str     0x000b991e      0x3a7 Drivers/STM32L4xx_HAL_Driver/Src/stm32l4xx_hal_cortex.o
                              0xb9baa (size before relaxing)
 .debug_str     0x000b9cc5      0x3f5 Drivers/STM32L4xx_HAL_Driver/Src/stm32l4xx_hal_dma.o
                              0xb971e (size before relaxing)
 .debug_str     0x000ba0ba      0x307 Drivers/STM32L4xx_HAL_Driver/Src/stm32l4xx_hal_gpio.o
                              0xb9751 (size before relaxing)
 .debug_str     0x000ba3c1      0x8ae Drivers/STM32L4xx_HAL_Driver/Src/stm32l4xx_hal_pcd.o
                              0xb9c6c (size before relaxing)
 .debug_str     0x000bac6f      0x17e Drivers/STM32L4xx_HAL_Driver/Src/stm32l4xx_hal_pcd_ex.o
                              0xb983a (size before relaxing)
 .debug_str     0x000baded      0x40f Drivers/STM32L4xx_HAL_Driver/Src/stm32l4xx_hal_pwr_ex.o
                              0xb98d7 (size before relaxing)
 .debug_str     0x000bb1fc      0x4e6 Drivers/STM32L4xx_HAL_Driver/Src/stm32l4xx_hal_rcc.o
                              0xb9a0f (size before relaxing)
 .debug_str     0x000bb6e2      0x6e1 Drivers/STM32L4xx_HAL_Driver/Src/stm32l4xx_hal_rcc_ex.o
                              0xb9ccb (size before relaxing)
 .debug_str     0x000bbdc3      0xac8 Drivers/STM32L4xx_HAL_Driver/Src/stm32l4xx_hal_uart.o
                              0xba1a2 (size before relaxing)
 .debug_str     0x000bc88b      0x146 Drivers/STM32L4xx_HAL_Driver/Src/stm32l4xx_hal_uart_ex.o
                              0xb9947 (size before relaxing)
 .debug_str     0x000bc9d1      0x143 Drivers/STM32L4xx_HAL_Driver/Src/stm32l4xx_ll_usb.o
                              0xb97fe (size before relaxing)
 .debug_str     0x000bcb14     0x10d4 Middlewares/ST/STM32_USB_Device_Library/Class/HID/Src/usbd_hid.o
                              0xba43d (size before relaxing)
 .debug_str     0x000bdbe8      0x2ab Middlewares/ST/STM32_USB_Device_Library/Core/Src/usbd_core.o
                              0xba321 (size before relaxing)
 .debug_str     0x000bde93      0x11b Middlewares/ST/STM32_USB_Device_Library/Core/Src/usbd_ctlreq.o
                              0xba23b (size before relaxing)
 .debug_str     0x000bdfae       0x79 Middlewares/ST/STM32_USB_Device_Library/Core/Src/usbd_ioreq.o
                              0xba168 (size before relaxing)
 .debug_str     0x000be027      0xb27 Middlewares/USB_HID_Keyboard_Handler/src/usb_hid_keyboard.o
                              0xbad26 (size before relaxing)
 .debug_str     0x000beb4e      0x5ab Middlewares/USB_HID_Keyboard_Handler/src/usb_hid_presenter.o
                              0xba25c (size before relaxing)
 .debug_str     0x000bf0f9       0x22 Src/dma.o
                              0xb97c9 (size before relaxing)
 .debug_str     0x000bf11b       0x25 Src/gpio.o
                              0xb9496 (size before relaxing)
 .debug_str     0x000bf140       0x8c Src/main.o
                              0xbbd07 (size before relaxing)
 .debug_str     0x000bf1cc       0x1b Src/stm32l4xx_hal_msp.o
                              0xb97d8 (size before relaxing)
 .debug_str     0x000bf1e7       0x7e Src/stm32l4xx_it.o
                              0xb9af9 (size before relaxing)
 .debug_str     0x000bf265       0x50 Src/system_stm32l4xx.o
                              0xb947b (size before relaxing)
 .debug_str     0x000bf2b5       0x1a Src/usart.o
                              0xb9da7 (size before relaxing)
 .debug_str     0x000bf2cf       0x3e Src/usb_device.o
                              0xba6bf (size before relaxing)
 .debug_str     0x000bf30d       0x87 Src/usbd_conf.o
                              0xbb088 (size before relaxing)
 .debug_str     0x000bf394      0x261 Src/usbd_desc.o
                              0xba041 (size before relaxing)

.comment        0x00000000       0x7f
 .comment       0x00000000       0x7f Drivers/STM32L4xx_HAL_Driver/Src/stm32l4xx_hal.o
                                 0x80 (size before relaxing)
 .comment       0x0000007f       0x80 Drivers/STM32L4xx_HAL_Driver/Src/stm32l4xx_hal_cortex.o
 .comment       0x0000007f       0x80 Drivers/STM32L4xx_HAL_Driver/Src/stm32l4xx_hal_dma.o
 .comment       0x0000007f       0x80 Drivers/STM32L4xx_HAL_Driver/Src/stm32l4xx_hal_gpio.o
 .comment       0x0000007f       0x80 Drivers/STM32L4xx_HAL_Driver/Src/stm32l4xx_hal_pcd.o
 .comment       0x0000007f       0x80 Drivers/STM32L4xx_HAL_Driver/Src/stm32l4xx_hal_pcd_ex.o
 .comment       0x0000007f       0x80 Drivers/STM32L4xx_HAL_Driver/Src/stm32l4xx_hal_pwr_ex.o
 .comment       0x0000007f       0x80 Drivers/STM32L4xx_HAL_Driver/Src/stm32l4xx_hal_rcc.o
 .comment       0x0000007f       0x80 Drivers/STM32L4xx_HAL_Driver/Src/stm32l4xx_hal_rcc_ex.o
 .comment       0x0000007f       0x80 Drivers/STM32L4xx_HAL_Driver/Src/stm32l4xx_hal_uart.o
 .comment       0x0000007f       0x80 Drivers/STM32L4xx_HAL_Driver/Src/stm32l4xx_hal_uart_ex.o
 .comment       0x0000007f       0x80 Drivers/STM32L4xx_HAL_Driver/Src/stm32l4xx_ll_usb.o
 .comment       0x0000007f       0x80 Middlewares/ST/STM32_USB_Device_Library/Class/HID/Src/usbd_hid.o
 .comment       0x0000007f       0x80 Middlewares/ST/STM32_USB_Device_Library/Core/Src/usbd_core.o
 .comment       0x0000007f       0x80 Middlewares/ST/STM32_USB_Device_Library/Core/Src/usbd_ctlreq.o
 .comment       0x0000007f       0x80 Middlewares/ST/STM32_USB_Device_Library/Core/Src/usbd_ioreq.o
 .comment       0x0000007f       0x80 Middlewares/USB_HID_Keyboard_Handler/src/usb_hid_keyboard.o
 .comment       0x0000007f       0x80 Middlewares/USB_HID_Keyboard_Handler/src/usb_hid_presenter.o
 .comment       0x0000007f       0x80 Src/dma.o
 .comment       0x0000007f       0x80 Src/gpio.o
 .comment       0x0000007f       0x80 Src/main.o
 .comment       0x0000007f       0x80 Src/stm32l4xx_hal_msp.o
 .comment       0x0000007f       0x80 Src/stm32l4xx_it.o
 .comment       0x0000007f       0x80 Src/system_stm32l4xx.o
 .comment       0x0000007f       0x80 Src/usart.o
 .comment       0x0000007f       0x80 Src/usb_device.o
 .comment       0x0000007f       0x80 Src/usbd_conf.o
 .comment       0x0000007f       0x80 Src/usbd_desc.o

.debug_frame    0x00000000     0x22cc
 .debug_frame   0x00000000      0x1e4 Drivers/STM32L4xx_HAL_Driver/Src/stm32l4xx_hal.o
 .debug_frame   0x000001e4      0x15c Drivers/STM32L4xx_HAL_Driver/Src/stm32l4xx_hal_cortex.o
 .debug_frame   0x00000340      0x158 Drivers/STM32L4xx_HAL_Driver/Src/stm32l4xx_hal_dma.o
 .debug_frame   0x00000498       0xd0 Drivers/STM32L4xx_HAL_Driver/Src/stm32l4xx_hal_gpio.o
 .debug_frame   0x00000568      0x2ec Drivers/STM32L4xx_HAL_Driver/Src/stm32l4xx_hal_pcd.o
 .debug_frame   0x00000854       0x9c Drivers/STM32L4xx_HAL_Driver/Src/stm32l4xx_hal_pcd_ex.o
 .debug_frame   0x000008f0      0x1f8 Drivers/STM32L4xx_HAL_Driver/Src/stm32l4xx_hal_pwr_ex.o
 .debug_frame   0x00000ae8      0x160 Drivers/STM32L4xx_HAL_Driver/Src/stm32l4xx_hal_rcc.o
 .debug_frame   0x00000c48      0x238 Drivers/STM32L4xx_HAL_Driver/Src/stm32l4xx_hal_rcc_ex.o
 .debug_frame   0x00000e80      0x588 Drivers/STM32L4xx_HAL_Driver/Src/stm32l4xx_hal_uart.o
 .debug_frame   0x00001408       0xcc Drivers/STM32L4xx_HAL_Driver/Src/stm32l4xx_hal_uart_ex.o
 .debug_frame   0x000014d4      0x230 Drivers/STM32L4xx_HAL_Driver/Src/stm32l4xx_ll_usb.o
 .debug_frame   0x00001704       0xb4 Middlewares/ST/STM32_USB_Device_Library/Class/HID/Src/usbd_hid.o
 .debug_frame   0x000017b8      0x1bc Middlewares/ST/STM32_USB_Device_Library/Core/Src/usbd_core.o
 .debug_frame   0x00001974      0x178 Middlewares/ST/STM32_USB_Device_Library/Core/Src/usbd_ctlreq.o
 .debug_frame   0x00001aec       0xb8 Middlewares/ST/STM32_USB_Device_Library/Core/Src/usbd_ioreq.o
 .debug_frame   0x00001ba4       0x5c Middlewares/USB_HID_Keyboard_Handler/src/usb_hid_keyboard.o
 .debug_frame   0x00001c00       0x38 Middlewares/USB_HID_Keyboard_Handler/src/usb_hid_presenter.o
 .debug_frame   0x00001c38       0x2c Src/dma.o
 .debug_frame   0x00001c64       0x30 Src/gpio.o
 .debug_frame   0x00001c94       0x58 Src/main.o
 .debug_frame   0x00001cec       0x2c Src/stm32l4xx_hal_msp.o
 .debug_frame   0x00001d18       0x70 Src/stm32l4xx_it.o
 .debug_frame   0x00001d88       0x30 Src/system_stm32l4xx.o
 .debug_frame   0x00001db8       0x68 Src/usart.o
 .debug_frame   0x00001e20       0x4c Src/usb_device.o
 .debug_frame   0x00001e6c      0x31c Src/usbd_conf.o
 .debug_frame   0x00002188       0xb8 Src/usbd_desc.o
 .debug_frame   0x00002240       0x2c c:/ac6/systemworkbench/plugins/fr.ac6.mcu.externaltools.arm-none.win32_1.15.0.201708311556/tools/compiler/bin/../lib/gcc/arm-none-eabi/6.3.1/thumb/v7e-m/fpv4-sp/hard\libgcc.a(_aeabi_uldivmod.o)
 .debug_frame   0x0000226c       0x34 c:/ac6/systemworkbench/plugins/fr.ac6.mcu.externaltools.arm-none.win32_1.15.0.201708311556/tools/compiler/bin/../lib/gcc/arm-none-eabi/6.3.1/thumb/v7e-m/fpv4-sp/hard\libgcc.a(_udivmoddi4.o)
 .debug_frame   0x000022a0       0x2c c:/ac6/systemworkbench/plugins/fr.ac6.mcu.externaltools.arm-none.win32_1.15.0.201708311556/tools/compiler/bin/../lib/gcc/arm-none-eabi/6.3.1/../../../../arm-none-eabi/lib/thumb/v7e-m/fpv4-sp/hard\libc_nano.a(lib_a-init.o)
